C:\Users\mguniyangoda\Documents\FYR\BurnoutGuard\ml-service\.venv\Lib\site-packages\sklearn\linear_model\_logistic.py:455: OptimizeWarning: Unknown solver options: iprint
  opt_res = optimize.minimize(
C:\Users\mguniyangoda\Documents\FYR\BurnoutGuard\ml-service\.venv\Lib\site-packages\sklearn\linear_model\_logistic.py:455: OptimizeWarning: Unknown solver options: iprint
  opt_res = optimize.minimize(
C:\Users\mguniyangoda\Documents\FYR\BurnoutGuard\ml-service\.venv\Lib\site-packages\sklearn\linear_model\_logistic.py:455: OptimizeWarning: Unknown solver options: iprint
  opt_res = optimize.minimize(
C:\Users\mguniyangoda\Documents\FYR\BurnoutGuard\ml-service\.venv\Lib\site-packages\sklearn\linear_model\_logistic.py:455: OptimizeWarning: Unknown solver options: iprint
  opt_res = optimize.minimize(
C:\Users\mguniyangoda\Documents\FYR\BurnoutGuard\ml-service\.venv\Lib\site-packages\sklearn\linear_model\_logistic.py:455: OptimizeWarning: Unknown solver options: iprint
  opt_res = optimize.minimize(
C:\Users\mguniyangoda\Documents\FYR\BurnoutGuard\ml-service\.venv\Lib\site-packages\sklearn\linear_model\_logistic.py:455: OptimizeWarning: Unknown solver options: iprint
  opt_res = optimize.minimize(
C:\Users\mguniyangoda\Documents\FYR\BurnoutGuard\ml-service\.venv\Lib\site-packages\sklearn\linear_model\_logistic.py:455: OptimizeWarning: Unknown solver options: iprint
  opt_res = optimize.minimize(
C:\Users\mguniyangoda\Documents\FYR\BurnoutGuard\ml-service\.venv\Lib\site-packages\sklearn\linear_model\_logistic.py:455: OptimizeWarning: Unknown solver options: iprint
  opt_res = optimize.minimize(
C:\Users\mguniyangoda\Documents\FYR\BurnoutGuard\ml-service\.venv\Lib\site-packages\sklearn\linear_model\_logistic.py:455: OptimizeWarning: Unknown solver options: iprint
  opt_res = optimize.minimize(
C:\Users\mguniyangoda\Documents\FYR\BurnoutGuard\ml-service\.venv\Lib\site-packages\sklearn\linear_model\_logistic.py:455: OptimizeWarning: Unknown solver options: iprint
  opt_res = optimize.minimize(
C:\Users\mguniyangoda\Documents\FYR\BurnoutGuard\ml-service\.venv\Lib\site-packages\sklearn\linear_model\_logistic.py:455: OptimizeWarning: Unknown solver options: iprint
  opt_res = optimize.minimize(
C:\Users\mguniyangoda\Documents\FYR\BurnoutGuard\ml-service\.venv\Lib\site-packages\sklearn\linear_model\_logistic.py:455: OptimizeWarning: Unknown solver options: iprint
  opt_res = optimize.minimize(
C:\Users\mguniyangoda\Documents\FYR\BurnoutGuard\ml-service\.venv\Lib\site-packages\sklearn\linear_model\_logistic.py:455: OptimizeWarning: Unknown solver options: iprint
  opt_res = optimize.minimize(
C:\Users\mguniyangoda\Documents\FYR\BurnoutGuard\ml-service\.venv\Lib\site-packages\sklearn\linear_model\_logistic.py:455: OptimizeWarning: Unknown solver options: iprint
  opt_res = optimize.minimize(
C:\Users\mguniyangoda\Documents\FYR\BurnoutGuard\ml-service\.venv\Lib\site-packages\sklearn\linear_model\_logistic.py:455: OptimizeWarning: Unknown solver options: iprint
  opt_res = optimize.minimize(
C:\Users\mguniyangoda\Documents\FYR\BurnoutGuard\ml-service\.venv\Lib\site-packages\sklearn\linear_model\_logistic.py:455: OptimizeWarning: Unknown solver options: iprint
  opt_res = optimize.minimize(
C:\Users\mguniyangoda\Documents\FYR\BurnoutGuard\ml-service\.venv\Lib\site-packages\sklearn\linear_model\_logistic.py:455: OptimizeWarning: Unknown solver options: iprint
  opt_res = optimize.minimize(
C:\Users\mguniyangoda\Documents\FYR\BurnoutGuard\ml-service\.venv\Lib\site-packages\sklearn\linear_model\_logistic.py:455: OptimizeWarning: Unknown solver options: iprint
  opt_res = optimize.minimize(
C:\Users\mguniyangoda\Documents\FYR\BurnoutGuard\ml-service\.venv\Lib\site-packages\sklearn\linear_model\_logistic.py:455: OptimizeWarning: Unknown solver options: iprint
  opt_res = optimize.minimize(
C:\Users\mguniyangoda\Documents\FYR\BurnoutGuard\ml-service\.venv\Lib\site-packages\sklearn\linear_model\_logistic.py:455: OptimizeWarning: Unknown solver options: iprint
  opt_res = optimize.minimize(
C:\Users\mguniyangoda\Documents\FYR\BurnoutGuard\ml-service\.venv\Lib\site-packages\sklearn\linear_model\_logistic.py:455: OptimizeWarning: Unknown solver options: iprint
  opt_res = optimize.minimize(
C:\Users\mguniyangoda\Documents\FYR\BurnoutGuard\ml-service\.venv\Lib\site-packages\sklearn\linear_model\_logistic.py:455: OptimizeWarning: Unknown solver options: iprint
  opt_res = optimize.minimize(
C:\Users\mguniyangoda\Documents\FYR\BurnoutGuard\ml-service\.venv\Lib\site-packages\sklearn\linear_model\_logistic.py:455: OptimizeWarning: Unknown solver options: iprint
  opt_res = optimize.minimize(
C:\Users\mguniyangoda\Documents\FYR\BurnoutGuard\ml-service\.venv\Lib\site-packages\sklearn\linear_model\_logistic.py:455: OptimizeWarning: Unknown solver options: iprint
  opt_res = optimize.minimize(
C:\Users\mguniyangoda\Documents\FYR\BurnoutGuard\ml-service\.venv\Lib\site-packages\sklearn\linear_model\_logistic.py:455: OptimizeWarning: Unknown solver options: iprint
  opt_res = optimize.minimize(
C:\Users\mguniyangoda\Documents\FYR\BurnoutGuard\ml-service\.venv\Lib\site-packages\sklearn\linear_model\_logistic.py:455: OptimizeWarning: Unknown solver options: iprint
  opt_res = optimize.minimize(
C:\Users\mguniyangoda\Documents\FYR\BurnoutGuard\ml-service\.venv\Lib\site-packages\sklearn\linear_model\_logistic.py:455: OptimizeWarning: Unknown solver options: iprint
  opt_res = optimize.minimize(
C:\Users\mguniyangoda\Documents\FYR\BurnoutGuard\ml-service\.venv\Lib\site-packages\sklearn\linear_model\_logistic.py:455: OptimizeWarning: Unknown solver options: iprint
  opt_res = optimize.minimize(
C:\Users\mguniyangoda\Documents\FYR\BurnoutGuard\ml-service\.venv\Lib\site-packages\sklearn\linear_model\_logistic.py:455: OptimizeWarning: Unknown solver options: iprint
  opt_res = optimize.minimize(
C:\Users\mguniyangoda\Documents\FYR\BurnoutGuard\ml-service\.venv\Lib\site-packages\sklearn\linear_model\_logistic.py:455: OptimizeWarning: Unknown solver options: iprint
  opt_res = optimize.minimize(

======================================================================
ZERO-SHOT VARIANT: four_class
======================================================================
Zero-shot development rows (non-Sri-Lankan only): 256800
Zero-shot evaluation rows (all Sri Lankan): 314
Zero-shot development class distribution: {0: 67139, 1: 63602, 2: 62669, 3: 63390}
Zero-shot evaluation class distribution: {0: 6, 1: 35, 2: 93, 3: 180}

[data-touch check] Preprocessing/tuning/model-selection inputs: X_dev has 256800 rows, all non-Sri-Lankan ({'mental_health_burnout_tech_2026', 'indian_developer_burnout_2026', 'work_from_home_burnout_dataset', 'tech_mental_health_burnout'}).
[data-touch check] Evaluation input: X_eval has 314 rows, all Sri Lankan ({'sri_lankan_developer_burnout'}).
Running repeated CV for LogisticRegression (15 folds)...
Running repeated CV for RandomForest (15 folds)...
Running repeated CV for XGBoost (15 folds)...
Running repeated CV for LightGBM (15 folds)...

Repeated stratified CV summary (zero-shot development data only):
Model                          Accuracy           Macro F1        Weighted F1            ROC-AUC
------------------------------------------------------------------------------------------------
LogisticRegression    0.6204 +/- 0.0020  0.6168 +/- 0.0019  0.6185 +/- 0.0019  0.8545 +/- 0.0009
RandomForest          0.6790 +/- 0.0018  0.6779 +/- 0.0016  0.6791 +/- 0.0016  0.8934 +/- 0.0009
XGBoost               0.6980 +/- 0.0023  0.6979 +/- 0.0022  0.6990 +/- 0.0022  0.9052 +/- 0.0008
LightGBM              0.6977 +/- 0.0017  0.6977 +/- 0.0017  0.6988 +/- 0.0017  0.9050 +/- 0.0008
Selected by repeated CV: XGBoost
Large dataset detected (256800 rows). Using stratified subsample of 50000 rows for GridSearchCV.
[1/1] Starting XGBoost...
  Training rows: 50000
  Feature count: 44
  Grid combinations: 1
Fitting 2 folds for each of 1 candidates, totalling 2 fits
Best params for XGBoost: {'model__learning_rate': 0.1, 'model__max_depth': 5, 'model__n_estimators': 50}
[1/1] Completed XGBoost in 6.1s

Saved zero-shot results for variant 'four_class' to C:\Users\mguniyangoda\Documents\FYR\BurnoutGuard\ml-service\models\zero_shot\results_four_class.json

======================================================================
ZERO-SHOT VARIANT: binary
======================================================================
Zero-shot development rows (non-Sri-Lankan only): 256800
Zero-shot evaluation rows (all Sri Lankan): 314
Zero-shot development class distribution: {0: 130741, 1: 126059}
Zero-shot evaluation class distribution: {0: 41, 1: 273}

[data-touch check] Preprocessing/tuning/model-selection inputs: X_dev has 256800 rows, all non-Sri-Lankan ({'mental_health_burnout_tech_2026', 'indian_developer_burnout_2026', 'work_from_home_burnout_dataset', 'tech_mental_health_burnout'}).
[data-touch check] Evaluation input: X_eval has 314 rows, all Sri Lankan ({'sri_lankan_developer_burnout'}).
Running repeated CV for LogisticRegression (15 folds)...
Running repeated CV for RandomForest (15 folds)...
Running repeated CV for XGBoost (15 folds)...
Traceback (most recent call last):
  File "C:\Users\mguniyangoda\Documents\FYR\BurnoutGuard\ml-service\train_zero_shot.py", line 293, in <module>
    main()
  File "C:\Users\mguniyangoda\Documents\FYR\BurnoutGuard\ml-service\train_zero_shot.py", line 262, in main
    binary_results = run_variant(
                     ^^^^^^^^^^^^
  File "C:\Users\mguniyangoda\Documents\FYR\BurnoutGuard\ml-service\train_zero_shot.py", line 173, in run_variant
    cv_results = compare_models_cv(X_dev, y_dev, ml_candidates)
                 ^^^^^^^^^^^^^^^^^^^^^^^^^^^^^^^^^^^^^^^^^^^^^^
  File "C:\Users\mguniyangoda\Documents\FYR\BurnoutGuard\ml-service\train.py", line 183, in compare_models_cv
    results[name] = cross_validate_model(model, X, y)
                    ^^^^^^^^^^^^^^^^^^^^^^^^^^^^^^^^^
  File "C:\Users\mguniyangoda\Documents\FYR\BurnoutGuard\ml-service\train.py", line 154, in cross_validate_model
    scores[metric].append(float(function(y_fold_test, predictions)))
                                ^^^^^^^^^^^^^^^^^^^^^^^^^^^^^^^^^^
  File "C:\Users\mguniyangoda\Documents\FYR\BurnoutGuard\ml-service\.venv\Lib\site-packages\sklearn\utils\_param_validation.py", line 213, in wrapper
    return func(*args, **kwargs)
           ^^^^^^^^^^^^^^^^^^^^^
  File "C:\Users\mguniyangoda\Documents\FYR\BurnoutGuard\ml-service\.venv\Lib\site-packages\sklearn\metrics\_classification.py", line 231, in accuracy_score
    y_type, y_true, y_pred = _check_targets(y_true, y_pred)
                             ^^^^^^^^^^^^^^^^^^^^^^^^^^^^^^
  File "C:\Users\mguniyangoda\Documents\FYR\BurnoutGuard\ml-service\.venv\Lib\site-packages\sklearn\metrics\_classification.py", line 112, in _check_targets
    raise ValueError(
ValueError: Classification metrics can't handle a mix of binary and multilabel-indicator targets
