
Running 20 tests using 6 workers

[1/20] [chromium] › tests\checkin.spec.ts:5:3 › developer check-in flow › submits a full check-in and surfaces updated developer views
[2/20] [chromium] › tests\admin-existing.spec.ts:5:3 › existing admin pages › user management role change and deactivate
[3/20] [chromium] › tests\admin-factor-analysis.spec.ts:5:3 › admin factor analysis › all factor analysis tabs render and update
[4/20] [chromium] › tests\auth.spec.ts:14:5 › auth flows › successful login as Developer redirects to the correct dashboard
[5/20] [chromium] › tests\hr.spec.ts:5:3 › hr analytics › department overview and trends render real charts
[6/20] [chromium] › tests\manager.spec.ts:5:3 › manager analytics › team overview shows core panels and team what-if updates comparison
[7/20] (retries) [chromium] › tests\admin-existing.spec.ts:5:3 › existing admin pages › user management role change and deactivate (retry #1)
[8/20] (retries) [chromium] › tests\auth.spec.ts:14:5 › auth flows › successful login as Developer redirects to the correct dashboard (retry #1)
[9/20] (retries) [chromium] › tests\checkin.spec.ts:5:3 › developer check-in flow › submits a full check-in and surfaces updated developer views (retry #1)
[10/20] (retries) [chromium] › tests\manager.spec.ts:5:3 › manager analytics › team overview shows core panels and team what-if updates comparison (retry #1)
[11/20] (retries) [chromium] › tests\hr.spec.ts:5:3 › hr analytics › department overview and trends render real charts (retry #1)
[12/20] (retries) [chromium] › tests\admin-factor-analysis.spec.ts:5:3 › admin factor analysis › all factor analysis tabs render and update (retry #1)
  1) [chromium] › tests\admin-existing.spec.ts:5:3 › existing admin pages › user management role change and deactivate 

    Error: expect(page).toHaveURL(expected) failed

    Expected pattern: /\/admin\/users$/
    Received string:  "http://localhost:5173/login"
    Timeout: 5000ms

    Call log:
      - Expect "toHaveURL" with timeout 5000ms
        13 × locator resolved to <html lang="en" data-theme="light">…</html>
           - unexpected value "http://localhost:5173/login"


       at ..\fixtures\auth.ts:19

      17 |   await page.locator('#loginPassword').fill(password);
      18 |   await page.getByRole('button', { name: /sign in/i }).click();
    > 19 |   await expect(page).toHaveURL(new RegExp(`${dashboard.replace(/\//g, '\\/')}$`));
         |                      ^
      20 | }
      21 |
      22 | export const roleCredentials = credentials;
        at loginAs (C:\BurnoutGuard\e2e\fixtures\auth.ts:19:22)
        at C:\BurnoutGuard\e2e\tests\admin-existing.spec.ts:6:5

    attachment #1: screenshot (image/png) ──────────────────────────────────────────────────────────
    ..\..\Users\mguniyangoda\Documents\FYR\BurnoutGuard\e2e\reports\test-results\admin-existing-existing-ad-d13d4--role-change-and-deactivate-chromium\test-failed-1.png
    ────────────────────────────────────────────────────────────────────────────────────────────────

    attachment #2: video (video/webm) ──────────────────────────────────────────────────────────────
    ..\..\Users\mguniyangoda\Documents\FYR\BurnoutGuard\e2e\reports\test-results\admin-existing-existing-ad-d13d4--role-change-and-deactivate-chromium\video.webm
    ────────────────────────────────────────────────────────────────────────────────────────────────

    Error Context: ..\..\Users\mguniyangoda\Documents\FYR\BurnoutGuard\e2e\reports\test-results\admin-existing-existing-ad-d13d4--role-change-and-deactivate-chromium\error-context.md

    Retry #1 ───────────────────────────────────────────────────────────────────────────────────────

    Error: expect(page).toHaveURL(expected) failed

    Expected pattern: /\/admin\/users$/
    Received string:  "http://localhost:5173/login"
    Timeout: 5000ms

    Call log:
      - Expect "toHaveURL" with timeout 5000ms
        13 × locator resolved to <html lang="en" data-theme="light">…</html>
           - unexpected value "http://localhost:5173/login"


       at ..\fixtures\auth.ts:19

      17 |   await page.locator('#loginPassword').fill(password);
      18 |   await page.getByRole('button', { name: /sign in/i }).click();
    > 19 |   await expect(page).toHaveURL(new RegExp(`${dashboard.replace(/\//g, '\\/')}$`));
         |                      ^
      20 | }
      21 |
      22 | export const roleCredentials = credentials;
        at loginAs (C:\BurnoutGuard\e2e\fixtures\auth.ts:19:22)
        at C:\BurnoutGuard\e2e\tests\admin-existing.spec.ts:6:5

    attachment #1: screenshot (image/png) ──────────────────────────────────────────────────────────
    ..\..\Users\mguniyangoda\Documents\FYR\BurnoutGuard\e2e\reports\test-results\admin-existing-existing-ad-d13d4--role-change-and-deactivate-chromium-retry1\test-failed-1.png
    ────────────────────────────────────────────────────────────────────────────────────────────────

    attachment #2: video (video/webm) ──────────────────────────────────────────────────────────────
    ..\..\Users\mguniyangoda\Documents\FYR\BurnoutGuard\e2e\reports\test-results\admin-existing-existing-ad-d13d4--role-change-and-deactivate-chromium-retry1\video.webm
    ────────────────────────────────────────────────────────────────────────────────────────────────

    Error Context: ..\..\Users\mguniyangoda\Documents\FYR\BurnoutGuard\e2e\reports\test-results\admin-existing-existing-ad-d13d4--role-change-and-deactivate-chromium-retry1\error-context.md

    attachment #4: trace (application/zip) ─────────────────────────────────────────────────────────
    ..\..\Users\mguniyangoda\Documents\FYR\BurnoutGuard\e2e\reports\test-results\admin-existing-existing-ad-d13d4--role-change-and-deactivate-chromium-retry1\trace.zip
    Usage:

        npx playwright show-trace ..\..\Users\mguniyangoda\Documents\FYR\BurnoutGuard\e2e\reports\test-results\admin-existing-existing-ad-d13d4--role-change-and-deactivate-chromium-retry1\trace.zip

    ────────────────────────────────────────────────────────────────────────────────────────────────


  2) [chromium] › tests\auth.spec.ts:14:5 › auth flows › successful login as Developer redirects to the correct dashboard 

    Error: expect(page).toHaveURL(expected) failed

    Expected pattern: /\/developer\/dashboard$/
    Received string:  "http://localhost:5173/login"
    Timeout: 5000ms

    Call log:
      - Expect "toHaveURL" with timeout 5000ms
        13 × locator resolved to <html lang="en" data-theme="light">…</html>
           - unexpected value "http://localhost:5173/login"


       at ..\fixtures\auth.ts:19

      17 |   await page.locator('#loginPassword').fill(password);
      18 |   await page.getByRole('button', { name: /sign in/i }).click();
    > 19 |   await expect(page).toHaveURL(new RegExp(`${dashboard.replace(/\//g, '\\/')}$`));
         |                      ^
      20 | }
      21 |
      22 | export const roleCredentials = credentials;
        at loginAs (C:\BurnoutGuard\e2e\fixtures\auth.ts:19:22)
        at C:\BurnoutGuard\e2e\tests\auth.spec.ts:15:7

    attachment #1: screenshot (image/png) ──────────────────────────────────────────────────────────
    ..\..\Users\mguniyangoda\Documents\FYR\BurnoutGuard\e2e\reports\test-results\auth-auth-flows-successful-5e6ca-ts-to-the-correct-dashboard-chromium\test-failed-1.png
    ────────────────────────────────────────────────────────────────────────────────────────────────

    attachment #2: video (video/webm) ──────────────────────────────────────────────────────────────
    ..\..\Users\mguniyangoda\Documents\FYR\BurnoutGuard\e2e\reports\test-results\auth-auth-flows-successful-5e6ca-ts-to-the-correct-dashboard-chromium\video.webm
    ────────────────────────────────────────────────────────────────────────────────────────────────

    Error Context: ..\..\Users\mguniyangoda\Documents\FYR\BurnoutGuard\e2e\reports\test-results\auth-auth-flows-successful-5e6ca-ts-to-the-correct-dashboard-chromium\error-context.md

    Retry #1 ───────────────────────────────────────────────────────────────────────────────────────

    Error: expect(page).toHaveURL(expected) failed

    Expected pattern: /\/developer\/dashboard$/
    Received string:  "http://localhost:5173/login"
    Timeout: 5000ms

    Call log:
      - Expect "toHaveURL" with timeout 5000ms
        13 × locator resolved to <html lang="en" data-theme="light">…</html>
           - unexpected value "http://localhost:5173/login"


       at ..\fixtures\auth.ts:19

      17 |   await page.locator('#loginPassword').fill(password);
      18 |   await page.getByRole('button', { name: /sign in/i }).click();
    > 19 |   await expect(page).toHaveURL(new RegExp(`${dashboard.replace(/\//g, '\\/')}$`));
         |                      ^
      20 | }
      21 |
      22 | export const roleCredentials = credentials;
        at loginAs (C:\BurnoutGuard\e2e\fixtures\auth.ts:19:22)
        at C:\BurnoutGuard\e2e\tests\auth.spec.ts:15:7

    attachment #1: screenshot (image/png) ──────────────────────────────────────────────────────────
    ..\..\Users\mguniyangoda\Documents\FYR\BurnoutGuard\e2e\reports\test-results\auth-auth-flows-successful-5e6ca-ts-to-the-correct-dashboard-chromium-retry1\test-failed-1.png
    ────────────────────────────────────────────────────────────────────────────────────────────────

    attachment #2: video (video/webm) ──────────────────────────────────────────────────────────────
    ..\..\Users\mguniyangoda\Documents\FYR\BurnoutGuard\e2e\reports\test-results\auth-auth-flows-successful-5e6ca-ts-to-the-correct-dashboard-chromium-retry1\video.webm
    ────────────────────────────────────────────────────────────────────────────────────────────────

    Error Context: ..\..\Users\mguniyangoda\Documents\FYR\BurnoutGuard\e2e\reports\test-results\auth-auth-flows-successful-5e6ca-ts-to-the-correct-dashboard-chromium-retry1\error-context.md

    attachment #4: trace (application/zip) ─────────────────────────────────────────────────────────
    ..\..\Users\mguniyangoda\Documents\FYR\BurnoutGuard\e2e\reports\test-results\auth-auth-flows-successful-5e6ca-ts-to-the-correct-dashboard-chromium-retry1\trace.zip
    Usage:

        npx playwright show-trace ..\..\Users\mguniyangoda\Documents\FYR\BurnoutGuard\e2e\reports\test-results\auth-auth-flows-successful-5e6ca-ts-to-the-correct-dashboard-chromium-retry1\trace.zip

    ────────────────────────────────────────────────────────────────────────────────────────────────


  3) [chromium] › tests\checkin.spec.ts:5:3 › developer check-in flow › submits a full check-in and surfaces updated developer views 

    Error: expect(page).toHaveURL(expected) failed

    Expected pattern: /\/developer\/dashboard$/
    Received string:  "http://localhost:5173/login"
    Timeout: 5000ms

    Call log:
      - Expect "toHaveURL" with timeout 5000ms
        14 × locator resolved to <html lang="en" data-theme="light">…</html>
           - unexpected value "http://localhost:5173/login"


       at ..\fixtures\auth.ts:19

      17 |   await page.locator('#loginPassword').fill(password);
      18 |   await page.getByRole('button', { name: /sign in/i }).click();
    > 19 |   await expect(page).toHaveURL(new RegExp(`${dashboard.replace(/\//g, '\\/')}$`));
         |                      ^
      20 | }
      21 |
      22 | export const roleCredentials = credentials;
        at loginAs (C:\BurnoutGuard\e2e\fixtures\auth.ts:19:22)
        at C:\BurnoutGuard\e2e\tests\checkin.spec.ts:6:5

    attachment #1: screenshot (image/png) ──────────────────────────────────────────────────────────
    ..\..\Users\mguniyangoda\Documents\FYR\BurnoutGuard\e2e\reports\test-results\checkin-developer-check-in-221aa-ces-updated-developer-views-chromium\test-failed-1.png
    ────────────────────────────────────────────────────────────────────────────────────────────────

    attachment #2: video (video/webm) ──────────────────────────────────────────────────────────────
    ..\..\Users\mguniyangoda\Documents\FYR\BurnoutGuard\e2e\reports\test-results\checkin-developer-check-in-221aa-ces-updated-developer-views-chromium\video.webm
    ────────────────────────────────────────────────────────────────────────────────────────────────

    Error Context: ..\..\Users\mguniyangoda\Documents\FYR\BurnoutGuard\e2e\reports\test-results\checkin-developer-check-in-221aa-ces-updated-developer-views-chromium\error-context.md

    Retry #1 ───────────────────────────────────────────────────────────────────────────────────────

    Error: expect(page).toHaveURL(expected) failed

    Expected pattern: /\/developer\/dashboard$/
    Received string:  "http://localhost:5173/login"
    Timeout: 5000ms

    Call log:
      - Expect "toHaveURL" with timeout 5000ms
        13 × locator resolved to <html lang="en" data-theme="light">…</html>
           - unexpected value "http://localhost:5173/login"


       at ..\fixtures\auth.ts:19

      17 |   await page.locator('#loginPassword').fill(password);
      18 |   await page.getByRole('button', { name: /sign in/i }).click();
    > 19 |   await expect(page).toHaveURL(new RegExp(`${dashboard.replace(/\//g, '\\/')}$`));
         |                      ^
      20 | }
      21 |
      22 | export const roleCredentials = credentials;
        at loginAs (C:\BurnoutGuard\e2e\fixtures\auth.ts:19:22)
        at C:\BurnoutGuard\e2e\tests\checkin.spec.ts:6:5

    attachment #1: screenshot (image/png) ──────────────────────────────────────────────────────────
    ..\..\Users\mguniyangoda\Documents\FYR\BurnoutGuard\e2e\reports\test-results\checkin-developer-check-in-221aa-ces-updated-developer-views-chromium-retry1\test-failed-1.png
    ────────────────────────────────────────────────────────────────────────────────────────────────

    attachment #2: video (video/webm) ──────────────────────────────────────────────────────────────
    ..\..\Users\mguniyangoda\Documents\FYR\BurnoutGuard\e2e\reports\test-results\checkin-developer-check-in-221aa-ces-updated-developer-views-chromium-retry1\video.webm
    ────────────────────────────────────────────────────────────────────────────────────────────────

    Error Context: ..\..\Users\mguniyangoda\Documents\FYR\BurnoutGuard\e2e\reports\test-results\checkin-developer-check-in-221aa-ces-updated-developer-views-chromium-retry1\error-context.md

    attachment #4: trace (application/zip) ─────────────────────────────────────────────────────────
    ..\..\Users\mguniyangoda\Documents\FYR\BurnoutGuard\e2e\reports\test-results\checkin-developer-check-in-221aa-ces-updated-developer-views-chromium-retry1\trace.zip
    Usage:

        npx playwright show-trace ..\..\Users\mguniyangoda\Documents\FYR\BurnoutGuard\e2e\reports\test-results\checkin-developer-check-in-221aa-ces-updated-developer-views-chromium-retry1\trace.zip

    ────────────────────────────────────────────────────────────────────────────────────────────────


  4) [chromium] › tests\manager.spec.ts:5:3 › manager analytics › team overview shows core panels and team what-if updates comparison 

    Error: expect(page).toHaveURL(expected) failed

    Expected pattern: /\/manager\/dashboard$/
    Received string:  "http://localhost:5173/login"
    Timeout: 5000ms

    Call log:
      - Expect "toHaveURL" with timeout 5000ms
        13 × locator resolved to <html lang="en" data-theme="light">…</html>
           - unexpected value "http://localhost:5173/login"


       at ..\fixtures\auth.ts:19

      17 |   await page.locator('#loginPassword').fill(password);
      18 |   await page.getByRole('button', { name: /sign in/i }).click();
    > 19 |   await expect(page).toHaveURL(new RegExp(`${dashboard.replace(/\//g, '\\/')}$`));
         |                      ^
      20 | }
      21 |
      22 | export const roleCredentials = credentials;
        at loginAs (C:\BurnoutGuard\e2e\fixtures\auth.ts:19:22)
        at C:\BurnoutGuard\e2e\tests\manager.spec.ts:6:5

    attachment #1: screenshot (image/png) ──────────────────────────────────────────────────────────
    ..\..\Users\mguniyangoda\Documents\FYR\BurnoutGuard\e2e\reports\test-results\manager-manager-analytics--3ccee--what-if-updates-comparison-chromium\test-failed-1.png
    ────────────────────────────────────────────────────────────────────────────────────────────────

    attachment #2: video (video/webm) ──────────────────────────────────────────────────────────────
    ..\..\Users\mguniyangoda\Documents\FYR\BurnoutGuard\e2e\reports\test-results\manager-manager-analytics--3ccee--what-if-updates-comparison-chromium\video.webm
    ────────────────────────────────────────────────────────────────────────────────────────────────

    Error Context: ..\..\Users\mguniyangoda\Documents\FYR\BurnoutGuard\e2e\reports\test-results\manager-manager-analytics--3ccee--what-if-updates-comparison-chromium\error-context.md

    Retry #1 ───────────────────────────────────────────────────────────────────────────────────────

    Error: expect(page).toHaveURL(expected) failed

    Expected pattern: /\/manager\/dashboard$/
    Received string:  "http://localhost:5173/login"
    Timeout: 5000ms

    Call log:
      - Expect "toHaveURL" with timeout 5000ms
        13 × locator resolved to <html lang="en" data-theme="light">…</html>
           - unexpected value "http://localhost:5173/login"


       at ..\fixtures\auth.ts:19

      17 |   await page.locator('#loginPassword').fill(password);
      18 |   await page.getByRole('button', { name: /sign in/i }).click();
    > 19 |   await expect(page).toHaveURL(new RegExp(`${dashboard.replace(/\//g, '\\/')}$`));
         |                      ^
      20 | }
      21 |
      22 | export const roleCredentials = credentials;
        at loginAs (C:\BurnoutGuard\e2e\fixtures\auth.ts:19:22)
        at C:\BurnoutGuard\e2e\tests\manager.spec.ts:6:5

    attachment #1: screenshot (image/png) ──────────────────────────────────────────────────────────
    ..\..\Users\mguniyangoda\Documents\FYR\BurnoutGuard\e2e\reports\test-results\manager-manager-analytics--3ccee--what-if-updates-comparison-chromium-retry1\test-failed-1.png
    ────────────────────────────────────────────────────────────────────────────────────────────────

    attachment #2: video (video/webm) ──────────────────────────────────────────────────────────────
    ..\..\Users\mguniyangoda\Documents\FYR\BurnoutGuard\e2e\reports\test-results\manager-manager-analytics--3ccee--what-if-updates-comparison-chromium-retry1\video.webm
    ────────────────────────────────────────────────────────────────────────────────────────────────

    Error Context: ..\..\Users\mguniyangoda\Documents\FYR\BurnoutGuard\e2e\reports\test-results\manager-manager-analytics--3ccee--what-if-updates-comparison-chromium-retry1\error-context.md

    attachment #4: trace (application/zip) ─────────────────────────────────────────────────────────
    ..\..\Users\mguniyangoda\Documents\FYR\BurnoutGuard\e2e\reports\test-results\manager-manager-analytics--3ccee--what-if-updates-comparison-chromium-retry1\trace.zip
    Usage:

        npx playwright show-trace ..\..\Users\mguniyangoda\Documents\FYR\BurnoutGuard\e2e\reports\test-results\manager-manager-analytics--3ccee--what-if-updates-comparison-chromium-retry1\trace.zip

    ────────────────────────────────────────────────────────────────────────────────────────────────


  5) [chromium] › tests\hr.spec.ts:5:3 › hr analytics › department overview and trends render real charts 

    Error: expect(page).toHaveURL(expected) failed

    Expected pattern: /\/hr\/department-overview$/
    Received string:  "http://localhost:5173/login"
    Timeout: 5000ms

    Call log:
      - Expect "toHaveURL" with timeout 5000ms
        13 × locator resolved to <html lang="en" data-theme="light">…</html>
           - unexpected value "http://localhost:5173/login"


       at ..\fixtures\auth.ts:19

      17 |   await page.locator('#loginPassword').fill(password);
      18 |   await page.getByRole('button', { name: /sign in/i }).click();
    > 19 |   await expect(page).toHaveURL(new RegExp(`${dashboard.replace(/\//g, '\\/')}$`));
         |                      ^
      20 | }
      21 |
      22 | export const roleCredentials = credentials;
        at loginAs (C:\BurnoutGuard\e2e\fixtures\auth.ts:19:22)
        at C:\BurnoutGuard\e2e\tests\hr.spec.ts:6:5

    attachment #1: screenshot (image/png) ──────────────────────────────────────────────────────────
    ..\..\Users\mguniyangoda\Documents\FYR\BurnoutGuard\e2e\reports\test-results\hr-hr-analytics-department-ec08c-d-trends-render-real-charts-chromium\test-failed-1.png
    ────────────────────────────────────────────────────────────────────────────────────────────────

    attachment #2: video (video/webm) ──────────────────────────────────────────────────────────────
    ..\..\Users\mguniyangoda\Documents\FYR\BurnoutGuard\e2e\reports\test-results\hr-hr-analytics-department-ec08c-d-trends-render-real-charts-chromium\video.webm
    ────────────────────────────────────────────────────────────────────────────────────────────────

    Error Context: ..\..\Users\mguniyangoda\Documents\FYR\BurnoutGuard\e2e\reports\test-results\hr-hr-analytics-department-ec08c-d-trends-render-real-charts-chromium\error-context.md

    Retry #1 ───────────────────────────────────────────────────────────────────────────────────────

    Error: expect(page).toHaveURL(expected) failed

    Expected pattern: /\/hr\/department-overview$/
    Received string:  "http://localhost:5173/login"
    Timeout: 5000ms

    Call log:
      - Expect "toHaveURL" with timeout 5000ms
        13 × locator resolved to <html lang="en" data-theme="light">…</html>
           - unexpected value "http://localhost:5173/login"


       at ..\fixtures\auth.ts:19

      17 |   await page.locator('#loginPassword').fill(password);
      18 |   await page.getByRole('button', { name: /sign in/i }).click();
    > 19 |   await expect(page).toHaveURL(new RegExp(`${dashboard.replace(/\//g, '\\/')}$`));
         |                      ^
      20 | }
      21 |
      22 | export const roleCredentials = credentials;
        at loginAs (C:\BurnoutGuard\e2e\fixtures\auth.ts:19:22)
        at C:\BurnoutGuard\e2e\tests\hr.spec.ts:6:5

    attachment #1: screenshot (image/png) ──────────────────────────────────────────────────────────
    ..\..\Users\mguniyangoda\Documents\FYR\BurnoutGuard\e2e\reports\test-results\hr-hr-analytics-department-ec08c-d-trends-render-real-charts-chromium-retry1\test-failed-1.png
    ────────────────────────────────────────────────────────────────────────────────────────────────

    attachment #2: video (video/webm) ──────────────────────────────────────────────────────────────
    ..\..\Users\mguniyangoda\Documents\FYR\BurnoutGuard\e2e\reports\test-results\hr-hr-analytics-department-ec08c-d-trends-render-real-charts-chromium-retry1\video.webm
    ────────────────────────────────────────────────────────────────────────────────────────────────

    Error Context: ..\..\Users\mguniyangoda\Documents\FYR\BurnoutGuard\e2e\reports\test-results\hr-hr-analytics-department-ec08c-d-trends-render-real-charts-chromium-retry1\error-context.md

    attachment #4: trace (application/zip) ─────────────────────────────────────────────────────────
    ..\..\Users\mguniyangoda\Documents\FYR\BurnoutGuard\e2e\reports\test-results\hr-hr-analytics-department-ec08c-d-trends-render-real-charts-chromium-retry1\trace.zip
    Usage:

        npx playwright show-trace ..\..\Users\mguniyangoda\Documents\FYR\BurnoutGuard\e2e\reports\test-results\hr-hr-analytics-department-ec08c-d-trends-render-real-charts-chromium-retry1\trace.zip

    ────────────────────────────────────────────────────────────────────────────────────────────────


[13/20] [chromium] › tests\auth.spec.ts:14:5 › auth flows › successful login as Manager redirects to the correct dashboard
[14/20] [chromium] › tests\admin-existing.spec.ts:12:3 › existing admin pages › model management metrics and threshold edits render
  6) [chromium] › tests\admin-factor-analysis.spec.ts:5:3 › admin factor analysis › all factor analysis tabs render and update 

    Error: expect(page).toHaveURL(expected) failed

    Expected pattern: /\/admin\/users$/
    Received string:  "http://localhost:5173/login"
    Timeout: 5000ms

    Call log:
      - Expect "toHaveURL" with timeout 5000ms
        13 × locator resolved to <html lang="en" data-theme="light">…</html>
           - unexpected value "http://localhost:5173/login"


       at ..\fixtures\auth.ts:19

      17 |   await page.locator('#loginPassword').fill(password);
      18 |   await page.getByRole('button', { name: /sign in/i }).click();
    > 19 |   await expect(page).toHaveURL(new RegExp(`${dashboard.replace(/\//g, '\\/')}$`));
         |                      ^
      20 | }
      21 |
      22 | export const roleCredentials = credentials;
        at loginAs (C:\BurnoutGuard\e2e\fixtures\auth.ts:19:22)
        at C:\BurnoutGuard\e2e\tests\admin-factor-analysis.spec.ts:6:5

    attachment #1: screenshot (image/png) ──────────────────────────────────────────────────────────
    ..\..\Users\mguniyangoda\Documents\FYR\BurnoutGuard\e2e\reports\test-results\admin-factor-analysis-admi-cd611-ysis-tabs-render-and-update-chromium\test-failed-1.png
    ────────────────────────────────────────────────────────────────────────────────────────────────

    attachment #2: video (video/webm) ──────────────────────────────────────────────────────────────
    ..\..\Users\mguniyangoda\Documents\FYR\BurnoutGuard\e2e\reports\test-results\admin-factor-analysis-admi-cd611-ysis-tabs-render-and-update-chromium\video.webm
    ────────────────────────────────────────────────────────────────────────────────────────────────

    Error Context: ..\..\Users\mguniyangoda\Documents\FYR\BurnoutGuard\e2e\reports\test-results\admin-factor-analysis-admi-cd611-ysis-tabs-render-and-update-chromium\error-context.md

    Retry #1 ───────────────────────────────────────────────────────────────────────────────────────

    Error: expect(page).toHaveURL(expected) failed

    Expected pattern: /\/admin\/users$/
    Received string:  "http://localhost:5173/login"
    Timeout: 5000ms

    Call log:
      - Expect "toHaveURL" with timeout 5000ms
        14 × locator resolved to <html lang="en" data-theme="light">…</html>
           - unexpected value "http://localhost:5173/login"


       at ..\fixtures\auth.ts:19

      17 |   await page.locator('#loginPassword').fill(password);
      18 |   await page.getByRole('button', { name: /sign in/i }).click();
    > 19 |   await expect(page).toHaveURL(new RegExp(`${dashboard.replace(/\//g, '\\/')}$`));
         |                      ^
      20 | }
      21 |
      22 | export const roleCredentials = credentials;
        at loginAs (C:\BurnoutGuard\e2e\fixtures\auth.ts:19:22)
        at C:\BurnoutGuard\e2e\tests\admin-factor-analysis.spec.ts:6:5

    attachment #1: screenshot (image/png) ──────────────────────────────────────────────────────────
    ..\..\Users\mguniyangoda\Documents\FYR\BurnoutGuard\e2e\reports\test-results\admin-factor-analysis-admi-cd611-ysis-tabs-render-and-update-chromium-retry1\test-failed-1.png
    ────────────────────────────────────────────────────────────────────────────────────────────────

    attachment #2: video (video/webm) ──────────────────────────────────────────────────────────────
    ..\..\Users\mguniyangoda\Documents\FYR\BurnoutGuard\e2e\reports\test-results\admin-factor-analysis-admi-cd611-ysis-tabs-render-and-update-chromium-retry1\video.webm
    ────────────────────────────────────────────────────────────────────────────────────────────────

    Error Context: ..\..\Users\mguniyangoda\Documents\FYR\BurnoutGuard\e2e\reports\test-results\admin-factor-analysis-admi-cd611-ysis-tabs-render-and-update-chromium-retry1\error-context.md

    attachment #4: trace (application/zip) ─────────────────────────────────────────────────────────
    ..\..\Users\mguniyangoda\Documents\FYR\BurnoutGuard\e2e\reports\test-results\admin-factor-analysis-admi-cd611-ysis-tabs-render-and-update-chromium-retry1\trace.zip
    Usage:

        npx playwright show-trace ..\..\Users\mguniyangoda\Documents\FYR\BurnoutGuard\e2e\reports\test-results\admin-factor-analysis-admi-cd611-ysis-tabs-render-and-update-chromium-retry1\trace.zip

    ────────────────────────────────────────────────────────────────────────────────────────────────


[15/20] [chromium] › tests\recommendations.spec.ts:5:3 › developer recommendations › completes a recommendation and persists effectiveness rating
[16/20] [chromium] › tests\reports-journal.spec.ts:5:3 › developer reports and journal › weekly report downloads and journal entry persists
[17/20] [chromium] › tests\whatif-counterfactual.spec.ts:5:3 › developer what-if and counterfactual › what-if updates risk score and my risk renders counterfactual state
[18/20] (retries) [chromium] › tests\auth.spec.ts:14:5 › auth flows › successful login as Manager redirects to the correct dashboard (retry #1)
[19/20] (retries) [chromium] › tests\admin-existing.spec.ts:12:3 › existing admin pages › model management metrics and threshold edits render (retry #1)
[20/20] (retries) [chromium] › tests\recommendations.spec.ts:5:3 › developer recommendations › completes a recommendation and persists effectiveness rating (retry #1)
[21/20] (retries) [chromium] › tests\reports-journal.spec.ts:5:3 › developer reports and journal › weekly report downloads and journal entry persists (retry #1)
[22/20] (retries) [chromium] › tests\whatif-counterfactual.spec.ts:5:3 › developer what-if and counterfactual › what-if updates risk score and my risk renders counterfactual state (retry #1)
  7) [chromium] › tests\auth.spec.ts:14:5 › auth flows › successful login as Manager redirects to the correct dashboard 

    Error: expect(page).toHaveURL(expected) failed

    Expected pattern: /\/manager\/dashboard$/
    Received string:  "http://localhost:5173/login"
    Timeout: 5000ms

    Call log:
      - Expect "toHaveURL" with timeout 5000ms
        14 × locator resolved to <html lang="en" data-theme="light">…</html>
           - unexpected value "http://localhost:5173/login"


       at ..\fixtures\auth.ts:19

      17 |   await page.locator('#loginPassword').fill(password);
      18 |   await page.getByRole('button', { name: /sign in/i }).click();
    > 19 |   await expect(page).toHaveURL(new RegExp(`${dashboard.replace(/\//g, '\\/')}$`));
         |                      ^
      20 | }
      21 |
      22 | export const roleCredentials = credentials;
        at loginAs (C:\BurnoutGuard\e2e\fixtures\auth.ts:19:22)
        at C:\BurnoutGuard\e2e\tests\auth.spec.ts:15:7

    attachment #1: screenshot (image/png) ──────────────────────────────────────────────────────────
    ..\..\Users\mguniyangoda\Documents\FYR\BurnoutGuard\e2e\reports\test-results\auth-auth-flows-successful-9e0e6-ts-to-the-correct-dashboard-chromium\test-failed-1.png
    ────────────────────────────────────────────────────────────────────────────────────────────────

    attachment #2: video (video/webm) ──────────────────────────────────────────────────────────────
    ..\..\Users\mguniyangoda\Documents\FYR\BurnoutGuard\e2e\reports\test-results\auth-auth-flows-successful-9e0e6-ts-to-the-correct-dashboard-chromium\video.webm
    ────────────────────────────────────────────────────────────────────────────────────────────────

    Error Context: ..\..\Users\mguniyangoda\Documents\FYR\BurnoutGuard\e2e\reports\test-results\auth-auth-flows-successful-9e0e6-ts-to-the-correct-dashboard-chromium\error-context.md

    Retry #1 ───────────────────────────────────────────────────────────────────────────────────────

    Error: expect(page).toHaveURL(expected) failed

    Expected pattern: /\/manager\/dashboard$/
    Received string:  "http://localhost:5173/login"
    Timeout: 5000ms

    Call log:
      - Expect "toHaveURL" with timeout 5000ms
        14 × locator resolved to <html lang="en" data-theme="light">…</html>
           - unexpected value "http://localhost:5173/login"


       at ..\fixtures\auth.ts:19

      17 |   await page.locator('#loginPassword').fill(password);
      18 |   await page.getByRole('button', { name: /sign in/i }).click();
    > 19 |   await expect(page).toHaveURL(new RegExp(`${dashboard.replace(/\//g, '\\/')}$`));
         |                      ^
      20 | }
      21 |
      22 | export const roleCredentials = credentials;
        at loginAs (C:\BurnoutGuard\e2e\fixtures\auth.ts:19:22)
        at C:\BurnoutGuard\e2e\tests\auth.spec.ts:15:7

    attachment #1: screenshot (image/png) ──────────────────────────────────────────────────────────
    ..\..\Users\mguniyangoda\Documents\FYR\BurnoutGuard\e2e\reports\test-results\auth-auth-flows-successful-9e0e6-ts-to-the-correct-dashboard-chromium-retry1\test-failed-1.png
    ────────────────────────────────────────────────────────────────────────────────────────────────

    attachment #2: video (video/webm) ──────────────────────────────────────────────────────────────
    ..\..\Users\mguniyangoda\Documents\FYR\BurnoutGuard\e2e\reports\test-results\auth-auth-flows-successful-9e0e6-ts-to-the-correct-dashboard-chromium-retry1\video.webm
    ────────────────────────────────────────────────────────────────────────────────────────────────

    Error Context: ..\..\Users\mguniyangoda\Documents\FYR\BurnoutGuard\e2e\reports\test-results\auth-auth-flows-successful-9e0e6-ts-to-the-correct-dashboard-chromium-retry1\error-context.md

    attachment #4: trace (application/zip) ─────────────────────────────────────────────────────────
    ..\..\Users\mguniyangoda\Documents\FYR\BurnoutGuard\e2e\reports\test-results\auth-auth-flows-successful-9e0e6-ts-to-the-correct-dashboard-chromium-retry1\trace.zip
    Usage:

        npx playwright show-trace ..\..\Users\mguniyangoda\Documents\FYR\BurnoutGuard\e2e\reports\test-results\auth-auth-flows-successful-9e0e6-ts-to-the-correct-dashboard-chromium-retry1\trace.zip

    ────────────────────────────────────────────────────────────────────────────────────────────────


  8) [chromium] › tests\admin-existing.spec.ts:12:3 › existing admin pages › model management metrics and threshold edits render 

    Error: expect(page).toHaveURL(expected) failed

    Expected pattern: /\/admin\/users$/
    Received string:  "http://localhost:5173/login"
    Timeout: 5000ms

    Call log:
      - Expect "toHaveURL" with timeout 5000ms
        14 × locator resolved to <html lang="en" data-theme="light">…</html>
           - unexpected value "http://localhost:5173/login"


       at ..\fixtures\auth.ts:19

      17 |   await page.locator('#loginPassword').fill(password);
      18 |   await page.getByRole('button', { name: /sign in/i }).click();
    > 19 |   await expect(page).toHaveURL(new RegExp(`${dashboard.replace(/\//g, '\\/')}$`));
         |                      ^
      20 | }
      21 |
      22 | export const roleCredentials = credentials;
        at loginAs (C:\BurnoutGuard\e2e\fixtures\auth.ts:19:22)
        at C:\BurnoutGuard\e2e\tests\admin-existing.spec.ts:13:5

    attachment #1: screenshot (image/png) ──────────────────────────────────────────────────────────
    ..\..\Users\mguniyangoda\Documents\FYR\BurnoutGuard\e2e\reports\test-results\admin-existing-existing-ad-10e32--and-threshold-edits-render-chromium\test-failed-1.png
    ────────────────────────────────────────────────────────────────────────────────────────────────

    attachment #2: video (video/webm) ──────────────────────────────────────────────────────────────
    ..\..\Users\mguniyangoda\Documents\FYR\BurnoutGuard\e2e\reports\test-results\admin-existing-existing-ad-10e32--and-threshold-edits-render-chromium\video.webm
    ────────────────────────────────────────────────────────────────────────────────────────────────

    Error Context: ..\..\Users\mguniyangoda\Documents\FYR\BurnoutGuard\e2e\reports\test-results\admin-existing-existing-ad-10e32--and-threshold-edits-render-chromium\error-context.md

    Retry #1 ───────────────────────────────────────────────────────────────────────────────────────

    Error: expect(page).toHaveURL(expected) failed

    Expected pattern: /\/admin\/users$/
    Received string:  "http://localhost:5173/login"
    Timeout: 5000ms

    Call log:
      - Expect "toHaveURL" with timeout 5000ms
        14 × locator resolved to <html lang="en" data-theme="light">…</html>
           - unexpected value "http://localhost:5173/login"


       at ..\fixtures\auth.ts:19

      17 |   await page.locator('#loginPassword').fill(password);
      18 |   await page.getByRole('button', { name: /sign in/i }).click();
    > 19 |   await expect(page).toHaveURL(new RegExp(`${dashboard.replace(/\//g, '\\/')}$`));
         |                      ^
      20 | }
      21 |
      22 | export const roleCredentials = credentials;
        at loginAs (C:\BurnoutGuard\e2e\fixtures\auth.ts:19:22)
        at C:\BurnoutGuard\e2e\tests\admin-existing.spec.ts:13:5

    attachment #1: screenshot (image/png) ──────────────────────────────────────────────────────────
    ..\..\Users\mguniyangoda\Documents\FYR\BurnoutGuard\e2e\reports\test-results\admin-existing-existing-ad-10e32--and-threshold-edits-render-chromium-retry1\test-failed-1.png
    ────────────────────────────────────────────────────────────────────────────────────────────────

    attachment #2: video (video/webm) ──────────────────────────────────────────────────────────────
    ..\..\Users\mguniyangoda\Documents\FYR\BurnoutGuard\e2e\reports\test-results\admin-existing-existing-ad-10e32--and-threshold-edits-render-chromium-retry1\video.webm
    ────────────────────────────────────────────────────────────────────────────────────────────────

    Error Context: ..\..\Users\mguniyangoda\Documents\FYR\BurnoutGuard\e2e\reports\test-results\admin-existing-existing-ad-10e32--and-threshold-edits-render-chromium-retry1\error-context.md

    attachment #4: trace (application/zip) ─────────────────────────────────────────────────────────
    ..\..\Users\mguniyangoda\Documents\FYR\BurnoutGuard\e2e\reports\test-results\admin-existing-existing-ad-10e32--and-threshold-edits-render-chromium-retry1\trace.zip
    Usage:

        npx playwright show-trace ..\..\Users\mguniyangoda\Documents\FYR\BurnoutGuard\e2e\reports\test-results\admin-existing-existing-ad-10e32--and-threshold-edits-render-chromium-retry1\trace.zip

    ────────────────────────────────────────────────────────────────────────────────────────────────


[23/20] [chromium] › tests\auth.spec.ts:14:5 › auth flows › successful login as HRofficer redirects to the correct dashboard
[24/20] [chromium] › tests\admin-existing.spec.ts:20:3 › existing admin pages › fairness report gap cards render
  9) [chromium] › tests\recommendations.spec.ts:5:3 › developer recommendations › completes a recommendation and persists effectiveness rating 

    Error: expect(page).toHaveURL(expected) failed

    Expected pattern: /\/developer\/dashboard$/
    Received string:  "http://localhost:5173/login"
    Timeout: 5000ms

    Call log:
      - Expect "toHaveURL" with timeout 5000ms
        14 × locator resolved to <html lang="en" data-theme="light">…</html>
           - unexpected value "http://localhost:5173/login"


       at ..\fixtures\auth.ts:19

      17 |   await page.locator('#loginPassword').fill(password);
      18 |   await page.getByRole('button', { name: /sign in/i }).click();
    > 19 |   await expect(page).toHaveURL(new RegExp(`${dashboard.replace(/\//g, '\\/')}$`));
         |                      ^
      20 | }
      21 |
      22 | export const roleCredentials = credentials;
        at loginAs (C:\BurnoutGuard\e2e\fixtures\auth.ts:19:22)
        at C:\BurnoutGuard\e2e\tests\recommendations.spec.ts:6:5

    attachment #1: screenshot (image/png) ──────────────────────────────────────────────────────────
    ..\..\Users\mguniyangoda\Documents\FYR\BurnoutGuard\e2e\reports\test-results\recommendations-developer--6bea5-rsists-effectiveness-rating-chromium\test-failed-1.png
    ────────────────────────────────────────────────────────────────────────────────────────────────

    attachment #2: video (video/webm) ──────────────────────────────────────────────────────────────
    ..\..\Users\mguniyangoda\Documents\FYR\BurnoutGuard\e2e\reports\test-results\recommendations-developer--6bea5-rsists-effectiveness-rating-chromium\video.webm
    ────────────────────────────────────────────────────────────────────────────────────────────────

    Error Context: ..\..\Users\mguniyangoda\Documents\FYR\BurnoutGuard\e2e\reports\test-results\recommendations-developer--6bea5-rsists-effectiveness-rating-chromium\error-context.md

    Retry #1 ───────────────────────────────────────────────────────────────────────────────────────

    Error: expect(page).toHaveURL(expected) failed

    Expected pattern: /\/developer\/dashboard$/
    Received string:  "http://localhost:5173/login"
    Timeout: 5000ms

    Call log:
      - Expect "toHaveURL" with timeout 5000ms
        14 × locator resolved to <html lang="en" data-theme="light">…</html>
           - unexpected value "http://localhost:5173/login"


       at ..\fixtures\auth.ts:19

      17 |   await page.locator('#loginPassword').fill(password);
      18 |   await page.getByRole('button', { name: /sign in/i }).click();
    > 19 |   await expect(page).toHaveURL(new RegExp(`${dashboard.replace(/\//g, '\\/')}$`));
         |                      ^
      20 | }
      21 |
      22 | export const roleCredentials = credentials;
        at loginAs (C:\BurnoutGuard\e2e\fixtures\auth.ts:19:22)
        at C:\BurnoutGuard\e2e\tests\recommendations.spec.ts:6:5

    attachment #1: screenshot (image/png) ──────────────────────────────────────────────────────────
    ..\..\Users\mguniyangoda\Documents\FYR\BurnoutGuard\e2e\reports\test-results\recommendations-developer--6bea5-rsists-effectiveness-rating-chromium-retry1\test-failed-1.png
    ────────────────────────────────────────────────────────────────────────────────────────────────

    attachment #2: video (video/webm) ──────────────────────────────────────────────────────────────
    ..\..\Users\mguniyangoda\Documents\FYR\BurnoutGuard\e2e\reports\test-results\recommendations-developer--6bea5-rsists-effectiveness-rating-chromium-retry1\video.webm
    ────────────────────────────────────────────────────────────────────────────────────────────────

    Error Context: ..\..\Users\mguniyangoda\Documents\FYR\BurnoutGuard\e2e\reports\test-results\recommendations-developer--6bea5-rsists-effectiveness-rating-chromium-retry1\error-context.md

    attachment #4: trace (application/zip) ─────────────────────────────────────────────────────────
    ..\..\Users\mguniyangoda\Documents\FYR\BurnoutGuard\e2e\reports\test-results\recommendations-developer--6bea5-rsists-effectiveness-rating-chromium-retry1\trace.zip
    Usage:

        npx playwright show-trace ..\..\Users\mguniyangoda\Documents\FYR\BurnoutGuard\e2e\reports\test-results\recommendations-developer--6bea5-rsists-effectiveness-rating-chromium-retry1\trace.zip

    ────────────────────────────────────────────────────────────────────────────────────────────────


  10) [chromium] › tests\reports-journal.spec.ts:5:3 › developer reports and journal › weekly report downloads and journal entry persists 

    Error: expect(page).toHaveURL(expected) failed

    Expected pattern: /\/developer\/dashboard$/
    Received string:  "http://localhost:5173/login"
    Timeout: 5000ms

    Call log:
      - Expect "toHaveURL" with timeout 5000ms
        14 × locator resolved to <html lang="en" data-theme="light">…</html>
           - unexpected value "http://localhost:5173/login"


       at ..\fixtures\auth.ts:19

      17 |   await page.locator('#loginPassword').fill(password);
      18 |   await page.getByRole('button', { name: /sign in/i }).click();
    > 19 |   await expect(page).toHaveURL(new RegExp(`${dashboard.replace(/\//g, '\\/')}$`));
         |                      ^
      20 | }
      21 |
      22 | export const roleCredentials = credentials;
        at loginAs (C:\BurnoutGuard\e2e\fixtures\auth.ts:19:22)
        at C:\BurnoutGuard\e2e\tests\reports-journal.spec.ts:6:5

    attachment #1: screenshot (image/png) ──────────────────────────────────────────────────────────
    ..\..\Users\mguniyangoda\Documents\FYR\BurnoutGuard\e2e\reports\test-results\reports-journal-developer--52457--and-journal-entry-persists-chromium\test-failed-1.png
    ────────────────────────────────────────────────────────────────────────────────────────────────

    attachment #2: video (video/webm) ──────────────────────────────────────────────────────────────
    ..\..\Users\mguniyangoda\Documents\FYR\BurnoutGuard\e2e\reports\test-results\reports-journal-developer--52457--and-journal-entry-persists-chromium\video.webm
    ────────────────────────────────────────────────────────────────────────────────────────────────

    Error Context: ..\..\Users\mguniyangoda\Documents\FYR\BurnoutGuard\e2e\reports\test-results\reports-journal-developer--52457--and-journal-entry-persists-chromium\error-context.md

    Retry #1 ───────────────────────────────────────────────────────────────────────────────────────

    Error: expect(page).toHaveURL(expected) failed

    Expected pattern: /\/developer\/dashboard$/
    Received string:  "http://localhost:5173/login"
    Timeout: 5000ms

    Call log:
      - Expect "toHaveURL" with timeout 5000ms
        14 × locator resolved to <html lang="en" data-theme="light">…</html>
           - unexpected value "http://localhost:5173/login"


       at ..\fixtures\auth.ts:19

      17 |   await page.locator('#loginPassword').fill(password);
      18 |   await page.getByRole('button', { name: /sign in/i }).click();
    > 19 |   await expect(page).toHaveURL(new RegExp(`${dashboard.replace(/\//g, '\\/')}$`));
         |                      ^
      20 | }
      21 |
      22 | export const roleCredentials = credentials;
        at loginAs (C:\BurnoutGuard\e2e\fixtures\auth.ts:19:22)
        at C:\BurnoutGuard\e2e\tests\reports-journal.spec.ts:6:5

    attachment #1: screenshot (image/png) ──────────────────────────────────────────────────────────
    ..\..\Users\mguniyangoda\Documents\FYR\BurnoutGuard\e2e\reports\test-results\reports-journal-developer--52457--and-journal-entry-persists-chromium-retry1\test-failed-1.png
    ────────────────────────────────────────────────────────────────────────────────────────────────

    attachment #2: video (video/webm) ──────────────────────────────────────────────────────────────
    ..\..\Users\mguniyangoda\Documents\FYR\BurnoutGuard\e2e\reports\test-results\reports-journal-developer--52457--and-journal-entry-persists-chromium-retry1\video.webm
    ────────────────────────────────────────────────────────────────────────────────────────────────

    Error Context: ..\..\Users\mguniyangoda\Documents\FYR\BurnoutGuard\e2e\reports\test-results\reports-journal-developer--52457--and-journal-entry-persists-chromium-retry1\error-context.md

    attachment #4: trace (application/zip) ─────────────────────────────────────────────────────────
    ..\..\Users\mguniyangoda\Documents\FYR\BurnoutGuard\e2e\reports\test-results\reports-journal-developer--52457--and-journal-entry-persists-chromium-retry1\trace.zip
    Usage:

        npx playwright show-trace ..\..\Users\mguniyangoda\Documents\FYR\BurnoutGuard\e2e\reports\test-results\reports-journal-developer--52457--and-journal-entry-persists-chromium-retry1\trace.zip

    ────────────────────────────────────────────────────────────────────────────────────────────────


  11) [chromium] › tests\whatif-counterfactual.spec.ts:5:3 › developer what-if and counterfactual › what-if updates risk score and my risk renders counterfactual state 

    Error: expect(page).toHaveURL(expected) failed

    Expected pattern: /\/developer\/dashboard$/
    Received string:  "http://localhost:5173/login"
    Timeout: 5000ms

    Call log:
      - Expect "toHaveURL" with timeout 5000ms
        14 × locator resolved to <html lang="en" data-theme="light">…</html>
           - unexpected value "http://localhost:5173/login"


       at ..\fixtures\auth.ts:19

      17 |   await page.locator('#loginPassword').fill(password);
      18 |   await page.getByRole('button', { name: /sign in/i }).click();
    > 19 |   await expect(page).toHaveURL(new RegExp(`${dashboard.replace(/\//g, '\\/')}$`));
         |                      ^
      20 | }
      21 |
      22 | export const roleCredentials = credentials;
        at loginAs (C:\BurnoutGuard\e2e\fixtures\auth.ts:19:22)
        at C:\BurnoutGuard\e2e\tests\whatif-counterfactual.spec.ts:6:5

    attachment #1: screenshot (image/png) ──────────────────────────────────────────────────────────
    ..\..\Users\mguniyangoda\Documents\FYR\BurnoutGuard\e2e\reports\test-results\whatif-counterfactual-deve-ed896-enders-counterfactual-state-chromium\test-failed-1.png
    ────────────────────────────────────────────────────────────────────────────────────────────────

    attachment #2: video (video/webm) ──────────────────────────────────────────────────────────────
    ..\..\Users\mguniyangoda\Documents\FYR\BurnoutGuard\e2e\reports\test-results\whatif-counterfactual-deve-ed896-enders-counterfactual-state-chromium\video.webm
    ────────────────────────────────────────────────────────────────────────────────────────────────

    Error Context: ..\..\Users\mguniyangoda\Documents\FYR\BurnoutGuard\e2e\reports\test-results\whatif-counterfactual-deve-ed896-enders-counterfactual-state-chromium\error-context.md

    Retry #1 ───────────────────────────────────────────────────────────────────────────────────────

    Error: expect(page).toHaveURL(expected) failed

    Expected pattern: /\/developer\/dashboard$/
    Received string:  "http://localhost:5173/login"
    Timeout: 5000ms

    Call log:
      - Expect "toHaveURL" with timeout 5000ms
        14 × locator resolved to <html lang="en" data-theme="light">…</html>
           - unexpected value "http://localhost:5173/login"


       at ..\fixtures\auth.ts:19

      17 |   await page.locator('#loginPassword').fill(password);
      18 |   await page.getByRole('button', { name: /sign in/i }).click();
    > 19 |   await expect(page).toHaveURL(new RegExp(`${dashboard.replace(/\//g, '\\/')}$`));
         |                      ^
      20 | }
      21 |
      22 | export const roleCredentials = credentials;
        at loginAs (C:\BurnoutGuard\e2e\fixtures\auth.ts:19:22)
        at C:\BurnoutGuard\e2e\tests\whatif-counterfactual.spec.ts:6:5

    attachment #1: screenshot (image/png) ──────────────────────────────────────────────────────────
    ..\..\Users\mguniyangoda\Documents\FYR\BurnoutGuard\e2e\reports\test-results\whatif-counterfactual-deve-ed896-enders-counterfactual-state-chromium-retry1\test-failed-1.png
    ────────────────────────────────────────────────────────────────────────────────────────────────

    attachment #2: video (video/webm) ──────────────────────────────────────────────────────────────
    ..\..\Users\mguniyangoda\Documents\FYR\BurnoutGuard\e2e\reports\test-results\whatif-counterfactual-deve-ed896-enders-counterfactual-state-chromium-retry1\video.webm
    ────────────────────────────────────────────────────────────────────────────────────────────────

    Error Context: ..\..\Users\mguniyangoda\Documents\FYR\BurnoutGuard\e2e\reports\test-results\whatif-counterfactual-deve-ed896-enders-counterfactual-state-chromium-retry1\error-context.md

    attachment #4: trace (application/zip) ─────────────────────────────────────────────────────────
    ..\..\Users\mguniyangoda\Documents\FYR\BurnoutGuard\e2e\reports\test-results\whatif-counterfactual-deve-ed896-enders-counterfactual-state-chromium-retry1\trace.zip
    Usage:

        npx playwright show-trace ..\..\Users\mguniyangoda\Documents\FYR\BurnoutGuard\e2e\reports\test-results\whatif-counterfactual-deve-ed896-enders-counterfactual-state-chromium-retry1\trace.zip

    ────────────────────────────────────────────────────────────────────────────────────────────────


[25/20] (retries) [chromium] › tests\auth.spec.ts:14:5 › auth flows › successful login as HRofficer redirects to the correct dashboard (retry #1)
[26/20] (retries) [chromium] › tests\admin-existing.spec.ts:20:3 › existing admin pages › fairness report gap cards render (retry #1)
  12) [chromium] › tests\auth.spec.ts:14:5 › auth flows › successful login as HRofficer redirects to the correct dashboard 

    Error: expect(page).toHaveURL(expected) failed

    Expected pattern: /\/hr\/department-overview$/
    Received string:  "http://localhost:5173/login"
    Timeout: 5000ms

    Call log:
      - Expect "toHaveURL" with timeout 5000ms
        14 × locator resolved to <html lang="en" data-theme="light">…</html>
           - unexpected value "http://localhost:5173/login"


       at ..\fixtures\auth.ts:19

      17 |   await page.locator('#loginPassword').fill(password);
      18 |   await page.getByRole('button', { name: /sign in/i }).click();
    > 19 |   await expect(page).toHaveURL(new RegExp(`${dashboard.replace(/\//g, '\\/')}$`));
         |                      ^
      20 | }
      21 |
      22 | export const roleCredentials = credentials;
        at loginAs (C:\BurnoutGuard\e2e\fixtures\auth.ts:19:22)
        at C:\BurnoutGuard\e2e\tests\auth.spec.ts:15:7

    attachment #1: screenshot (image/png) ──────────────────────────────────────────────────────────
    ..\..\Users\mguniyangoda\Documents\FYR\BurnoutGuard\e2e\reports\test-results\auth-auth-flows-successful-516cb-ts-to-the-correct-dashboard-chromium\test-failed-1.png
    ────────────────────────────────────────────────────────────────────────────────────────────────

    attachment #2: video (video/webm) ──────────────────────────────────────────────────────────────
    ..\..\Users\mguniyangoda\Documents\FYR\BurnoutGuard\e2e\reports\test-results\auth-auth-flows-successful-516cb-ts-to-the-correct-dashboard-chromium\video.webm
    ────────────────────────────────────────────────────────────────────────────────────────────────

    Error Context: ..\..\Users\mguniyangoda\Documents\FYR\BurnoutGuard\e2e\reports\test-results\auth-auth-flows-successful-516cb-ts-to-the-correct-dashboard-chromium\error-context.md

    Retry #1 ───────────────────────────────────────────────────────────────────────────────────────

    Error: expect(page).toHaveURL(expected) failed

    Expected pattern: /\/hr\/department-overview$/
    Received string:  "http://localhost:5173/login"
    Timeout: 5000ms

    Call log:
      - Expect "toHaveURL" with timeout 5000ms
        14 × locator resolved to <html lang="en" data-theme="light">…</html>
           - unexpected value "http://localhost:5173/login"


       at ..\fixtures\auth.ts:19

      17 |   await page.locator('#loginPassword').fill(password);
      18 |   await page.getByRole('button', { name: /sign in/i }).click();
    > 19 |   await expect(page).toHaveURL(new RegExp(`${dashboard.replace(/\//g, '\\/')}$`));
         |                      ^
      20 | }
      21 |
      22 | export const roleCredentials = credentials;
        at loginAs (C:\BurnoutGuard\e2e\fixtures\auth.ts:19:22)
        at C:\BurnoutGuard\e2e\tests\auth.spec.ts:15:7

    attachment #1: screenshot (image/png) ──────────────────────────────────────────────────────────
    ..\..\Users\mguniyangoda\Documents\FYR\BurnoutGuard\e2e\reports\test-results\auth-auth-flows-successful-516cb-ts-to-the-correct-dashboard-chromium-retry1\test-failed-1.png
    ────────────────────────────────────────────────────────────────────────────────────────────────

    attachment #2: video (video/webm) ──────────────────────────────────────────────────────────────
    ..\..\Users\mguniyangoda\Documents\FYR\BurnoutGuard\e2e\reports\test-results\auth-auth-flows-successful-516cb-ts-to-the-correct-dashboard-chromium-retry1\video.webm
    ────────────────────────────────────────────────────────────────────────────────────────────────

    Error Context: ..\..\Users\mguniyangoda\Documents\FYR\BurnoutGuard\e2e\reports\test-results\auth-auth-flows-successful-516cb-ts-to-the-correct-dashboard-chromium-retry1\error-context.md

    attachment #4: trace (application/zip) ─────────────────────────────────────────────────────────
    ..\..\Users\mguniyangoda\Documents\FYR\BurnoutGuard\e2e\reports\test-results\auth-auth-flows-successful-516cb-ts-to-the-correct-dashboard-chromium-retry1\trace.zip
    Usage:

        npx playwright show-trace ..\..\Users\mguniyangoda\Documents\FYR\BurnoutGuard\e2e\reports\test-results\auth-auth-flows-successful-516cb-ts-to-the-correct-dashboard-chromium-retry1\trace.zip

    ────────────────────────────────────────────────────────────────────────────────────────────────


[27/20] [chromium] › tests\auth.spec.ts:14:5 › auth flows › successful login as Admin redirects to the correct dashboard
  13) [chromium] › tests\admin-existing.spec.ts:20:3 › existing admin pages › fairness report gap cards render 

    Error: expect(page).toHaveURL(expected) failed

    Expected pattern: /\/admin\/users$/
    Received string:  "http://localhost:5173/login"
    Timeout: 5000ms

    Call log:
      - Expect "toHaveURL" with timeout 5000ms
        14 × locator resolved to <html lang="en" data-theme="light">…</html>
           - unexpected value "http://localhost:5173/login"


       at ..\fixtures\auth.ts:19

      17 |   await page.locator('#loginPassword').fill(password);
      18 |   await page.getByRole('button', { name: /sign in/i }).click();
    > 19 |   await expect(page).toHaveURL(new RegExp(`${dashboard.replace(/\//g, '\\/')}$`));
         |                      ^
      20 | }
      21 |
      22 | export const roleCredentials = credentials;
        at loginAs (C:\BurnoutGuard\e2e\fixtures\auth.ts:19:22)
        at C:\BurnoutGuard\e2e\tests\admin-existing.spec.ts:21:5

    attachment #1: screenshot (image/png) ──────────────────────────────────────────────────────────
    ..\..\Users\mguniyangoda\Documents\FYR\BurnoutGuard\e2e\reports\test-results\admin-existing-existing-ad-37528-ess-report-gap-cards-render-chromium\test-failed-1.png
    ────────────────────────────────────────────────────────────────────────────────────────────────

    attachment #2: video (video/webm) ──────────────────────────────────────────────────────────────
    ..\..\Users\mguniyangoda\Documents\FYR\BurnoutGuard\e2e\reports\test-results\admin-existing-existing-ad-37528-ess-report-gap-cards-render-chromium\video.webm
    ────────────────────────────────────────────────────────────────────────────────────────────────

    Error Context: ..\..\Users\mguniyangoda\Documents\FYR\BurnoutGuard\e2e\reports\test-results\admin-existing-existing-ad-37528-ess-report-gap-cards-render-chromium\error-context.md

    Retry #1 ───────────────────────────────────────────────────────────────────────────────────────

    Error: expect(page).toHaveURL(expected) failed

    Expected pattern: /\/admin\/users$/
    Received string:  "http://localhost:5173/login"
    Timeout: 5000ms

    Call log:
      - Expect "toHaveURL" with timeout 5000ms
        14 × locator resolved to <html lang="en" data-theme="light">…</html>
           - unexpected value "http://localhost:5173/login"


       at ..\fixtures\auth.ts:19

      17 |   await page.locator('#loginPassword').fill(password);
      18 |   await page.getByRole('button', { name: /sign in/i }).click();
    > 19 |   await expect(page).toHaveURL(new RegExp(`${dashboard.replace(/\//g, '\\/')}$`));
         |                      ^
      20 | }
      21 |
      22 | export const roleCredentials = credentials;
        at loginAs (C:\BurnoutGuard\e2e\fixtures\auth.ts:19:22)
        at C:\BurnoutGuard\e2e\tests\admin-existing.spec.ts:21:5

    attachment #1: screenshot (image/png) ──────────────────────────────────────────────────────────
    ..\..\Users\mguniyangoda\Documents\FYR\BurnoutGuard\e2e\reports\test-results\admin-existing-existing-ad-37528-ess-report-gap-cards-render-chromium-retry1\test-failed-1.png
    ────────────────────────────────────────────────────────────────────────────────────────────────

    attachment #2: video (video/webm) ──────────────────────────────────────────────────────────────
    ..\..\Users\mguniyangoda\Documents\FYR\BurnoutGuard\e2e\reports\test-results\admin-existing-existing-ad-37528-ess-report-gap-cards-render-chromium-retry1\video.webm
    ────────────────────────────────────────────────────────────────────────────────────────────────

    Error Context: ..\..\Users\mguniyangoda\Documents\FYR\BurnoutGuard\e2e\reports\test-results\admin-existing-existing-ad-37528-ess-report-gap-cards-render-chromium-retry1\error-context.md

    attachment #4: trace (application/zip) ─────────────────────────────────────────────────────────
    ..\..\Users\mguniyangoda\Documents\FYR\BurnoutGuard\e2e\reports\test-results\admin-existing-existing-ad-37528-ess-report-gap-cards-render-chromium-retry1\trace.zip
    Usage:

        npx playwright show-trace ..\..\Users\mguniyangoda\Documents\FYR\BurnoutGuard\e2e\reports\test-results\admin-existing-existing-ad-37528-ess-report-gap-cards-render-chromium-retry1\trace.zip

    ────────────────────────────────────────────────────────────────────────────────────────────────


[28/20] [chromium] › tests\admin-existing.spec.ts:26:3 › existing admin pages › audit logs export triggers a download
[29/20] (retries) [chromium] › tests\auth.spec.ts:14:5 › auth flows › successful login as Admin redirects to the correct dashboard (retry #1)
[30/20] (retries) [chromium] › tests\admin-existing.spec.ts:26:3 › existing admin pages › audit logs export triggers a download (retry #1)
  14) [chromium] › tests\auth.spec.ts:14:5 › auth flows › successful login as Admin redirects to the correct dashboard 

    Error: expect(page).toHaveURL(expected) failed

    Expected pattern: /\/admin\/users$/
    Received string:  "http://localhost:5173/login"
    Timeout: 5000ms

    Call log:
      - Expect "toHaveURL" with timeout 5000ms
        14 × locator resolved to <html lang="en" data-theme="light">…</html>
           - unexpected value "http://localhost:5173/login"


       at ..\fixtures\auth.ts:19

      17 |   await page.locator('#loginPassword').fill(password);
      18 |   await page.getByRole('button', { name: /sign in/i }).click();
    > 19 |   await expect(page).toHaveURL(new RegExp(`${dashboard.replace(/\//g, '\\/')}$`));
         |                      ^
      20 | }
      21 |
      22 | export const roleCredentials = credentials;
        at loginAs (C:\BurnoutGuard\e2e\fixtures\auth.ts:19:22)
        at C:\BurnoutGuard\e2e\tests\auth.spec.ts:15:7

    attachment #1: screenshot (image/png) ──────────────────────────────────────────────────────────
    ..\..\Users\mguniyangoda\Documents\FYR\BurnoutGuard\e2e\reports\test-results\auth-auth-flows-successful-742f3-ts-to-the-correct-dashboard-chromium\test-failed-1.png
    ────────────────────────────────────────────────────────────────────────────────────────────────

    attachment #2: video (video/webm) ──────────────────────────────────────────────────────────────
    ..\..\Users\mguniyangoda\Documents\FYR\BurnoutGuard\e2e\reports\test-results\auth-auth-flows-successful-742f3-ts-to-the-correct-dashboard-chromium\video.webm
    ────────────────────────────────────────────────────────────────────────────────────────────────

    Error Context: ..\..\Users\mguniyangoda\Documents\FYR\BurnoutGuard\e2e\reports\test-results\auth-auth-flows-successful-742f3-ts-to-the-correct-dashboard-chromium\error-context.md

    Retry #1 ───────────────────────────────────────────────────────────────────────────────────────

    Error: expect(page).toHaveURL(expected) failed

    Expected pattern: /\/admin\/users$/
    Received string:  "http://localhost:5173/login"
    Timeout: 5000ms

    Call log:
      - Expect "toHaveURL" with timeout 5000ms
        14 × locator resolved to <html lang="en" data-theme="light">…</html>
           - unexpected value "http://localhost:5173/login"


       at ..\fixtures\auth.ts:19

      17 |   await page.locator('#loginPassword').fill(password);
      18 |   await page.getByRole('button', { name: /sign in/i }).click();
    > 19 |   await expect(page).toHaveURL(new RegExp(`${dashboard.replace(/\//g, '\\/')}$`));
         |                      ^
      20 | }
      21 |
      22 | export const roleCredentials = credentials;
        at loginAs (C:\BurnoutGuard\e2e\fixtures\auth.ts:19:22)
        at C:\BurnoutGuard\e2e\tests\auth.spec.ts:15:7

    attachment #1: screenshot (image/png) ──────────────────────────────────────────────────────────
    ..\..\Users\mguniyangoda\Documents\FYR\BurnoutGuard\e2e\reports\test-results\auth-auth-flows-successful-742f3-ts-to-the-correct-dashboard-chromium-retry1\test-failed-1.png
    ────────────────────────────────────────────────────────────────────────────────────────────────

    attachment #2: video (video/webm) ──────────────────────────────────────────────────────────────
    ..\..\Users\mguniyangoda\Documents\FYR\BurnoutGuard\e2e\reports\test-results\auth-auth-flows-successful-742f3-ts-to-the-correct-dashboard-chromium-retry1\video.webm
    ────────────────────────────────────────────────────────────────────────────────────────────────

    Error Context: ..\..\Users\mguniyangoda\Documents\FYR\BurnoutGuard\e2e\reports\test-results\auth-auth-flows-successful-742f3-ts-to-the-correct-dashboard-chromium-retry1\error-context.md

    attachment #4: trace (application/zip) ─────────────────────────────────────────────────────────
    ..\..\Users\mguniyangoda\Documents\FYR\BurnoutGuard\e2e\reports\test-results\auth-auth-flows-successful-742f3-ts-to-the-correct-dashboard-chromium-retry1\trace.zip
    Usage:

        npx playwright show-trace ..\..\Users\mguniyangoda\Documents\FYR\BurnoutGuard\e2e\reports\test-results\auth-auth-flows-successful-742f3-ts-to-the-correct-dashboard-chromium-retry1\trace.zip

    ────────────────────────────────────────────────────────────────────────────────────────────────


[31/20] [chromium] › tests\auth.spec.ts:14:5 › auth flows › successful login as ResearchAdmin redirects to the correct dashboard
  15) [chromium] › tests\admin-existing.spec.ts:26:3 › existing admin pages › audit logs export triggers a download 

    Error: expect(page).toHaveURL(expected) failed

    Expected pattern: /\/admin\/users$/
    Received string:  "http://localhost:5173/login"
    Timeout: 5000ms

    Call log:
      - Expect "toHaveURL" with timeout 5000ms
        14 × locator resolved to <html lang="en" data-theme="light">…</html>
           - unexpected value "http://localhost:5173/login"


       at ..\fixtures\auth.ts:19

      17 |   await page.locator('#loginPassword').fill(password);
      18 |   await page.getByRole('button', { name: /sign in/i }).click();
    > 19 |   await expect(page).toHaveURL(new RegExp(`${dashboard.replace(/\//g, '\\/')}$`));
         |                      ^
      20 | }
      21 |
      22 | export const roleCredentials = credentials;
        at loginAs (C:\BurnoutGuard\e2e\fixtures\auth.ts:19:22)
        at C:\BurnoutGuard\e2e\tests\admin-existing.spec.ts:27:5

    attachment #1: screenshot (image/png) ──────────────────────────────────────────────────────────
    ..\..\Users\mguniyangoda\Documents\FYR\BurnoutGuard\e2e\reports\test-results\admin-existing-existing-ad-ce624--export-triggers-a-download-chromium\test-failed-1.png
    ────────────────────────────────────────────────────────────────────────────────────────────────

    attachment #2: video (video/webm) ──────────────────────────────────────────────────────────────
    ..\..\Users\mguniyangoda\Documents\FYR\BurnoutGuard\e2e\reports\test-results\admin-existing-existing-ad-ce624--export-triggers-a-download-chromium\video.webm
    ────────────────────────────────────────────────────────────────────────────────────────────────

    Error Context: ..\..\Users\mguniyangoda\Documents\FYR\BurnoutGuard\e2e\reports\test-results\admin-existing-existing-ad-ce624--export-triggers-a-download-chromium\error-context.md

    Retry #1 ───────────────────────────────────────────────────────────────────────────────────────

    Error: expect(page).toHaveURL(expected) failed

    Expected pattern: /\/admin\/users$/
    Received string:  "http://localhost:5173/login"
    Timeout: 5000ms

    Call log:
      - Expect "toHaveURL" with timeout 5000ms
        14 × locator resolved to <html lang="en" data-theme="light">…</html>
           - unexpected value "http://localhost:5173/login"


       at ..\fixtures\auth.ts:19

      17 |   await page.locator('#loginPassword').fill(password);
      18 |   await page.getByRole('button', { name: /sign in/i }).click();
    > 19 |   await expect(page).toHaveURL(new RegExp(`${dashboard.replace(/\//g, '\\/')}$`));
         |                      ^
      20 | }
      21 |
      22 | export const roleCredentials = credentials;
        at loginAs (C:\BurnoutGuard\e2e\fixtures\auth.ts:19:22)
        at C:\BurnoutGuard\e2e\tests\admin-existing.spec.ts:27:5

    attachment #1: screenshot (image/png) ──────────────────────────────────────────────────────────
    ..\..\Users\mguniyangoda\Documents\FYR\BurnoutGuard\e2e\reports\test-results\admin-existing-existing-ad-ce624--export-triggers-a-download-chromium-retry1\test-failed-1.png
    ────────────────────────────────────────────────────────────────────────────────────────────────

    attachment #2: video (video/webm) ──────────────────────────────────────────────────────────────
    ..\..\Users\mguniyangoda\Documents\FYR\BurnoutGuard\e2e\reports\test-results\admin-existing-existing-ad-ce624--export-triggers-a-download-chromium-retry1\video.webm
    ────────────────────────────────────────────────────────────────────────────────────────────────

    Error Context: ..\..\Users\mguniyangoda\Documents\FYR\BurnoutGuard\e2e\reports\test-results\admin-existing-existing-ad-ce624--export-triggers-a-download-chromium-retry1\error-context.md

    attachment #4: trace (application/zip) ─────────────────────────────────────────────────────────
    ..\..\Users\mguniyangoda\Documents\FYR\BurnoutGuard\e2e\reports\test-results\admin-existing-existing-ad-ce624--export-triggers-a-download-chromium-retry1\trace.zip
    Usage:

        npx playwright show-trace ..\..\Users\mguniyangoda\Documents\FYR\BurnoutGuard\e2e\reports\test-results\admin-existing-existing-ad-ce624--export-triggers-a-download-chromium-retry1\trace.zip

    ────────────────────────────────────────────────────────────────────────────────────────────────


[32/20] [chromium] › tests\admin-existing.spec.ts:35:3 › existing admin pages › survey add question and toggle active
[33/20] (retries) [chromium] › tests\auth.spec.ts:14:5 › auth flows › successful login as ResearchAdmin redirects to the correct dashboard (retry #1)
[34/20] (retries) [chromium] › tests\admin-existing.spec.ts:35:3 › existing admin pages › survey add question and toggle active (retry #1)
  16) [chromium] › tests\auth.spec.ts:14:5 › auth flows › successful login as ResearchAdmin redirects to the correct dashboard 

    Error: expect(page).toHaveURL(expected) failed

    Expected pattern: /\/admin\/users$/
    Received string:  "http://localhost:5173/login"
    Timeout: 5000ms

    Call log:
      - Expect "toHaveURL" with timeout 5000ms
        14 × locator resolved to <html lang="en" data-theme="light">…</html>
           - unexpected value "http://localhost:5173/login"


       at ..\fixtures\auth.ts:19

      17 |   await page.locator('#loginPassword').fill(password);
      18 |   await page.getByRole('button', { name: /sign in/i }).click();
    > 19 |   await expect(page).toHaveURL(new RegExp(`${dashboard.replace(/\//g, '\\/')}$`));
         |                      ^
      20 | }
      21 |
      22 | export const roleCredentials = credentials;
        at loginAs (C:\BurnoutGuard\e2e\fixtures\auth.ts:19:22)
        at C:\BurnoutGuard\e2e\tests\auth.spec.ts:15:7

    attachment #1: screenshot (image/png) ──────────────────────────────────────────────────────────
    ..\..\Users\mguniyangoda\Documents\FYR\BurnoutGuard\e2e\reports\test-results\auth-auth-flows-successful-06a88-ts-to-the-correct-dashboard-chromium\test-failed-1.png
    ────────────────────────────────────────────────────────────────────────────────────────────────

    attachment #2: video (video/webm) ──────────────────────────────────────────────────────────────
    ..\..\Users\mguniyangoda\Documents\FYR\BurnoutGuard\e2e\reports\test-results\auth-auth-flows-successful-06a88-ts-to-the-correct-dashboard-chromium\video.webm
    ────────────────────────────────────────────────────────────────────────────────────────────────

    Error Context: ..\..\Users\mguniyangoda\Documents\FYR\BurnoutGuard\e2e\reports\test-results\auth-auth-flows-successful-06a88-ts-to-the-correct-dashboard-chromium\error-context.md

    Retry #1 ───────────────────────────────────────────────────────────────────────────────────────

    Error: expect(page).toHaveURL(expected) failed

    Expected pattern: /\/admin\/users$/
    Received string:  "http://localhost:5173/login"
    Timeout: 5000ms

    Call log:
      - Expect "toHaveURL" with timeout 5000ms
        14 × locator resolved to <html lang="en" data-theme="light">…</html>
           - unexpected value "http://localhost:5173/login"


       at ..\fixtures\auth.ts:19

      17 |   await page.locator('#loginPassword').fill(password);
      18 |   await page.getByRole('button', { name: /sign in/i }).click();
    > 19 |   await expect(page).toHaveURL(new RegExp(`${dashboard.replace(/\//g, '\\/')}$`));
         |                      ^
      20 | }
      21 |
      22 | export const roleCredentials = credentials;
        at loginAs (C:\BurnoutGuard\e2e\fixtures\auth.ts:19:22)
        at C:\BurnoutGuard\e2e\tests\auth.spec.ts:15:7

    attachment #1: screenshot (image/png) ──────────────────────────────────────────────────────────
    ..\..\Users\mguniyangoda\Documents\FYR\BurnoutGuard\e2e\reports\test-results\auth-auth-flows-successful-06a88-ts-to-the-correct-dashboard-chromium-retry1\test-failed-1.png
    ────────────────────────────────────────────────────────────────────────────────────────────────

    attachment #2: video (video/webm) ──────────────────────────────────────────────────────────────
    ..\..\Users\mguniyangoda\Documents\FYR\BurnoutGuard\e2e\reports\test-results\auth-auth-flows-successful-06a88-ts-to-the-correct-dashboard-chromium-retry1\video.webm
    ────────────────────────────────────────────────────────────────────────────────────────────────

    Error Context: ..\..\Users\mguniyangoda\Documents\FYR\BurnoutGuard\e2e\reports\test-results\auth-auth-flows-successful-06a88-ts-to-the-correct-dashboard-chromium-retry1\error-context.md

    attachment #4: trace (application/zip) ─────────────────────────────────────────────────────────
    ..\..\Users\mguniyangoda\Documents\FYR\BurnoutGuard\e2e\reports\test-results\auth-auth-flows-successful-06a88-ts-to-the-correct-dashboard-chromium-retry1\trace.zip
    Usage:

        npx playwright show-trace ..\..\Users\mguniyangoda\Documents\FYR\BurnoutGuard\e2e\reports\test-results\auth-auth-flows-successful-06a88-ts-to-the-correct-dashboard-chromium-retry1\trace.zip

    ────────────────────────────────────────────────────────────────────────────────────────────────


[35/20] [chromium] › tests\auth.spec.ts:20:3 › auth flows › invalid credentials show the error banner
  17) [chromium] › tests\admin-existing.spec.ts:35:3 › existing admin pages › survey add question and toggle active 

    Error: expect(page).toHaveURL(expected) failed

    Expected pattern: /\/admin\/users$/
    Received string:  "http://localhost:5173/login"
    Timeout: 5000ms

    Call log:
      - Expect "toHaveURL" with timeout 5000ms
        14 × locator resolved to <html lang="en" data-theme="light">…</html>
           - unexpected value "http://localhost:5173/login"


       at ..\fixtures\auth.ts:19

      17 |   await page.locator('#loginPassword').fill(password);
      18 |   await page.getByRole('button', { name: /sign in/i }).click();
    > 19 |   await expect(page).toHaveURL(new RegExp(`${dashboard.replace(/\//g, '\\/')}$`));
         |                      ^
      20 | }
      21 |
      22 | export const roleCredentials = credentials;
        at loginAs (C:\BurnoutGuard\e2e\fixtures\auth.ts:19:22)
        at C:\BurnoutGuard\e2e\tests\admin-existing.spec.ts:36:5

    attachment #1: screenshot (image/png) ──────────────────────────────────────────────────────────
    ..\..\Users\mguniyangoda\Documents\FYR\BurnoutGuard\e2e\reports\test-results\admin-existing-existing-ad-fa60b--question-and-toggle-active-chromium\test-failed-1.png
    ────────────────────────────────────────────────────────────────────────────────────────────────

    attachment #2: video (video/webm) ──────────────────────────────────────────────────────────────
    ..\..\Users\mguniyangoda\Documents\FYR\BurnoutGuard\e2e\reports\test-results\admin-existing-existing-ad-fa60b--question-and-toggle-active-chromium\video.webm
    ────────────────────────────────────────────────────────────────────────────────────────────────

    Error Context: ..\..\Users\mguniyangoda\Documents\FYR\BurnoutGuard\e2e\reports\test-results\admin-existing-existing-ad-fa60b--question-and-toggle-active-chromium\error-context.md

    Retry #1 ───────────────────────────────────────────────────────────────────────────────────────

    Error: expect(page).toHaveURL(expected) failed

    Expected pattern: /\/admin\/users$/
    Received string:  "http://localhost:5173/login"
    Timeout: 5000ms

    Call log:
      - Expect "toHaveURL" with timeout 5000ms
        14 × locator resolved to <html lang="en" data-theme="light">…</html>
           - unexpected value "http://localhost:5173/login"


       at ..\fixtures\auth.ts:19

      17 |   await page.locator('#loginPassword').fill(password);
      18 |   await page.getByRole('button', { name: /sign in/i }).click();
    > 19 |   await expect(page).toHaveURL(new RegExp(`${dashboard.replace(/\//g, '\\/')}$`));
         |                      ^
      20 | }
      21 |
      22 | export const roleCredentials = credentials;
        at loginAs (C:\BurnoutGuard\e2e\fixtures\auth.ts:19:22)
        at C:\BurnoutGuard\e2e\tests\admin-existing.spec.ts:36:5

    attachment #1: screenshot (image/png) ──────────────────────────────────────────────────────────
    ..\..\Users\mguniyangoda\Documents\FYR\BurnoutGuard\e2e\reports\test-results\admin-existing-existing-ad-fa60b--question-and-toggle-active-chromium-retry1\test-failed-1.png
    ────────────────────────────────────────────────────────────────────────────────────────────────

    attachment #2: video (video/webm) ──────────────────────────────────────────────────────────────
    ..\..\Users\mguniyangoda\Documents\FYR\BurnoutGuard\e2e\reports\test-results\admin-existing-existing-ad-fa60b--question-and-toggle-active-chromium-retry1\video.webm
    ────────────────────────────────────────────────────────────────────────────────────────────────

    Error Context: ..\..\Users\mguniyangoda\Documents\FYR\BurnoutGuard\e2e\reports\test-results\admin-existing-existing-ad-fa60b--question-and-toggle-active-chromium-retry1\error-context.md

    attachment #4: trace (application/zip) ─────────────────────────────────────────────────────────
    ..\..\Users\mguniyangoda\Documents\FYR\BurnoutGuard\e2e\reports\test-results\admin-existing-existing-ad-fa60b--question-and-toggle-active-chromium-retry1\trace.zip
    Usage:

        npx playwright show-trace ..\..\Users\mguniyangoda\Documents\FYR\BurnoutGuard\e2e\reports\test-results\admin-existing-existing-ad-fa60b--question-and-toggle-active-chromium-retry1\trace.zip

    ────────────────────────────────────────────────────────────────────────────────────────────────


[36/20] [chromium] › tests\auth.spec.ts:29:3 › auth flows › logout clears session and redirects to /login
[37/20] (retries) [chromium] › tests\auth.spec.ts:29:3 › auth flows › logout clears session and redirects to /login (retry #1)
  18) [chromium] › tests\auth.spec.ts:29:3 › auth flows › logout clears session and redirects to /login 

    Error: expect(page).toHaveURL(expected) failed

    Expected pattern: /\/developer\/dashboard$/
    Received string:  "http://localhost:5173/login"
    Timeout: 5000ms

    Call log:
      - Expect "toHaveURL" with timeout 5000ms
        14 × locator resolved to <html lang="en" data-theme="light">…</html>
           - unexpected value "http://localhost:5173/login"


       at ..\fixtures\auth.ts:19

      17 |   await page.locator('#loginPassword').fill(password);
      18 |   await page.getByRole('button', { name: /sign in/i }).click();
    > 19 |   await expect(page).toHaveURL(new RegExp(`${dashboard.replace(/\//g, '\\/')}$`));
         |                      ^
      20 | }
      21 |
      22 | export const roleCredentials = credentials;
        at loginAs (C:\BurnoutGuard\e2e\fixtures\auth.ts:19:22)
        at C:\BurnoutGuard\e2e\tests\auth.spec.ts:30:5

    attachment #1: screenshot (image/png) ──────────────────────────────────────────────────────────
    ..\..\Users\mguniyangoda\Documents\FYR\BurnoutGuard\e2e\reports\test-results\auth-auth-flows-logout-clears-session-and-redirects-to-login-chromium\test-failed-1.png
    ────────────────────────────────────────────────────────────────────────────────────────────────

    attachment #2: video (video/webm) ──────────────────────────────────────────────────────────────
    ..\..\Users\mguniyangoda\Documents\FYR\BurnoutGuard\e2e\reports\test-results\auth-auth-flows-logout-clears-session-and-redirects-to-login-chromium\video.webm
    ────────────────────────────────────────────────────────────────────────────────────────────────

    Error Context: ..\..\Users\mguniyangoda\Documents\FYR\BurnoutGuard\e2e\reports\test-results\auth-auth-flows-logout-clears-session-and-redirects-to-login-chromium\error-context.md

    Retry #1 ───────────────────────────────────────────────────────────────────────────────────────

    Error: expect(page).toHaveURL(expected) failed

    Expected pattern: /\/developer\/dashboard$/
    Received string:  "http://localhost:5173/login"
    Timeout: 5000ms

    Call log:
      - Expect "toHaveURL" with timeout 5000ms
        14 × locator resolved to <html lang="en" data-theme="light">…</html>
           - unexpected value "http://localhost:5173/login"


       at ..\fixtures\auth.ts:19

      17 |   await page.locator('#loginPassword').fill(password);
      18 |   await page.getByRole('button', { name: /sign in/i }).click();
    > 19 |   await expect(page).toHaveURL(new RegExp(`${dashboard.replace(/\//g, '\\/')}$`));
         |                      ^
      20 | }
      21 |
      22 | export const roleCredentials = credentials;
        at loginAs (C:\BurnoutGuard\e2e\fixtures\auth.ts:19:22)
        at C:\BurnoutGuard\e2e\tests\auth.spec.ts:30:5

    attachment #1: screenshot (image/png) ──────────────────────────────────────────────────────────
    ..\..\Users\mguniyangoda\Documents\FYR\BurnoutGuard\e2e\reports\test-results\auth-auth-flows-logout-clears-session-and-redirects-to-login-chromium-retry1\test-failed-1.png
    ────────────────────────────────────────────────────────────────────────────────────────────────

    attachment #2: video (video/webm) ──────────────────────────────────────────────────────────────
    ..\..\Users\mguniyangoda\Documents\FYR\BurnoutGuard\e2e\reports\test-results\auth-auth-flows-logout-clears-session-and-redirects-to-login-chromium-retry1\video.webm
    ────────────────────────────────────────────────────────────────────────────────────────────────

    Error Context: ..\..\Users\mguniyangoda\Documents\FYR\BurnoutGuard\e2e\reports\test-results\auth-auth-flows-logout-clears-session-and-redirects-to-login-chromium-retry1\error-context.md

    attachment #4: trace (application/zip) ─────────────────────────────────────────────────────────
    ..\..\Users\mguniyangoda\Documents\FYR\BurnoutGuard\e2e\reports\test-results\auth-auth-flows-logout-clears-session-and-redirects-to-login-chromium-retry1\trace.zip
    Usage:

        npx playwright show-trace ..\..\Users\mguniyangoda\Documents\FYR\BurnoutGuard\e2e\reports\test-results\auth-auth-flows-logout-clears-session-and-redirects-to-login-chromium-retry1\trace.zip

    ────────────────────────────────────────────────────────────────────────────────────────────────


[38/20] [chromium] › tests\auth.spec.ts:37:3 › auth flows › developer direct navigation to /admin/users is currently allowed by route guards
[39/20] (retries) [chromium] › tests\auth.spec.ts:37:3 › auth flows › developer direct navigation to /admin/users is currently allowed by route guards (retry #1)
  19) [chromium] › tests\auth.spec.ts:37:3 › auth flows › developer direct navigation to /admin/users is currently allowed by route guards 

    Error: expect(page).toHaveURL(expected) failed

    Expected pattern: /\/developer\/dashboard$/
    Received string:  "http://localhost:5173/login"
    Timeout: 5000ms

    Call log:
      - Expect "toHaveURL" with timeout 5000ms
        14 × locator resolved to <html lang="en" data-theme="light">…</html>
           - unexpected value "http://localhost:5173/login"


       at ..\fixtures\auth.ts:19

      17 |   await page.locator('#loginPassword').fill(password);
      18 |   await page.getByRole('button', { name: /sign in/i }).click();
    > 19 |   await expect(page).toHaveURL(new RegExp(`${dashboard.replace(/\//g, '\\/')}$`));
         |                      ^
      20 | }
      21 |
      22 | export const roleCredentials = credentials;
        at loginAs (C:\BurnoutGuard\e2e\fixtures\auth.ts:19:22)
        at C:\BurnoutGuard\e2e\tests\auth.spec.ts:38:5

    attachment #1: screenshot (image/png) ──────────────────────────────────────────────────────────
    ..\..\Users\mguniyangoda\Documents\FYR\BurnoutGuard\e2e\reports\test-results\auth-auth-flows-developer--25434-tly-allowed-by-route-guards-chromium\test-failed-1.png
    ────────────────────────────────────────────────────────────────────────────────────────────────

    attachment #2: video (video/webm) ──────────────────────────────────────────────────────────────
    ..\..\Users\mguniyangoda\Documents\FYR\BurnoutGuard\e2e\reports\test-results\auth-auth-flows-developer--25434-tly-allowed-by-route-guards-chromium\video.webm
    ────────────────────────────────────────────────────────────────────────────────────────────────

    Error Context: ..\..\Users\mguniyangoda\Documents\FYR\BurnoutGuard\e2e\reports\test-results\auth-auth-flows-developer--25434-tly-allowed-by-route-guards-chromium\error-context.md

    Retry #1 ───────────────────────────────────────────────────────────────────────────────────────

    Error: expect(page).toHaveURL(expected) failed

    Expected pattern: /\/developer\/dashboard$/
    Received string:  "http://localhost:5173/login"
    Timeout: 5000ms

    Call log:
      - Expect "toHaveURL" with timeout 5000ms
        14 × locator resolved to <html lang="en" data-theme="light">…</html>
           - unexpected value "http://localhost:5173/login"


       at ..\fixtures\auth.ts:19

      17 |   await page.locator('#loginPassword').fill(password);
      18 |   await page.getByRole('button', { name: /sign in/i }).click();
    > 19 |   await expect(page).toHaveURL(new RegExp(`${dashboard.replace(/\//g, '\\/')}$`));
         |                      ^
      20 | }
      21 |
      22 | export const roleCredentials = credentials;
        at loginAs (C:\BurnoutGuard\e2e\fixtures\auth.ts:19:22)
        at C:\BurnoutGuard\e2e\tests\auth.spec.ts:38:5

    attachment #1: screenshot (image/png) ──────────────────────────────────────────────────────────
    ..\..\Users\mguniyangoda\Documents\FYR\BurnoutGuard\e2e\reports\test-results\auth-auth-flows-developer--25434-tly-allowed-by-route-guards-chromium-retry1\test-failed-1.png
    ────────────────────────────────────────────────────────────────────────────────────────────────

    attachment #2: video (video/webm) ──────────────────────────────────────────────────────────────
    ..\..\Users\mguniyangoda\Documents\FYR\BurnoutGuard\e2e\reports\test-results\auth-auth-flows-developer--25434-tly-allowed-by-route-guards-chromium-retry1\video.webm
    ────────────────────────────────────────────────────────────────────────────────────────────────

    Error Context: ..\..\Users\mguniyangoda\Documents\FYR\BurnoutGuard\e2e\reports\test-results\auth-auth-flows-developer--25434-tly-allowed-by-route-guards-chromium-retry1\error-context.md

    attachment #4: trace (application/zip) ─────────────────────────────────────────────────────────
    ..\..\Users\mguniyangoda\Documents\FYR\BurnoutGuard\e2e\reports\test-results\auth-auth-flows-developer--25434-tly-allowed-by-route-guards-chromium-retry1\trace.zip
    Usage:

        npx playwright show-trace ..\..\Users\mguniyangoda\Documents\FYR\BurnoutGuard\e2e\reports\test-results\auth-auth-flows-developer--25434-tly-allowed-by-route-guards-chromium-retry1\trace.zip

    ────────────────────────────────────────────────────────────────────────────────────────────────


  19 failed
    [chromium] › tests\admin-existing.spec.ts:5:3 › existing admin pages › user management role change and deactivate 
    [chromium] › tests\admin-existing.spec.ts:12:3 › existing admin pages › model management metrics and threshold edits render 
    [chromium] › tests\admin-existing.spec.ts:20:3 › existing admin pages › fairness report gap cards render 
    [chromium] › tests\admin-existing.spec.ts:26:3 › existing admin pages › audit logs export triggers a download 
    [chromium] › tests\admin-existing.spec.ts:35:3 › existing admin pages › survey add question and toggle active 
    [chromium] › tests\admin-factor-analysis.spec.ts:5:3 › admin factor analysis › all factor analysis tabs render and update 
    [chromium] › tests\auth.spec.ts:14:5 › auth flows › successful login as Developer redirects to the correct dashboard 
    [chromium] › tests\auth.spec.ts:14:5 › auth flows › successful login as Manager redirects to the correct dashboard 
    [chromium] › tests\auth.spec.ts:14:5 › auth flows › successful login as HRofficer redirects to the correct dashboard 
    [chromium] › tests\auth.spec.ts:14:5 › auth flows › successful login as Admin redirects to the correct dashboard 
    [chromium] › tests\auth.spec.ts:14:5 › auth flows › successful login as ResearchAdmin redirects to the correct dashboard 
    [chromium] › tests\auth.spec.ts:29:3 › auth flows › logout clears session and redirects to /login 
    [chromium] › tests\auth.spec.ts:37:3 › auth flows › developer direct navigation to /admin/users is currently allowed by route guards 
    [chromium] › tests\checkin.spec.ts:5:3 › developer check-in flow › submits a full check-in and surfaces updated developer views 
    [chromium] › tests\hr.spec.ts:5:3 › hr analytics › department overview and trends render real charts 
    [chromium] › tests\manager.spec.ts:5:3 › manager analytics › team overview shows core panels and team what-if updates comparison 
    [chromium] › tests\recommendations.spec.ts:5:3 › developer recommendations › completes a recommendation and persists effectiveness rating 
    [chromium] › tests\reports-journal.spec.ts:5:3 › developer reports and journal › weekly report downloads and journal entry persists 
    [chromium] › tests\whatif-counterfactual.spec.ts:5:3 › developer what-if and counterfactual › what-if updates risk score and my risk renders counterfactual state 
  1 passed (1.9m)
